Archive member included to satisfy reference by file (symbol)

C:/Users/ermer/.pico-sdk/toolchain/14_2_Rel1/bin/../lib/gcc/arm-none-eabi/14.2.1/thumb/v6-m/nofp\libgcc.a(_dvmd_tls.o)
                              CMakeFiles/tarefa3.dir/C_/Users/ermer/.pico-sdk/sdk/2.1.1/src/rp2_common/pico_divider/divider_hardware.S.obj (__aeabi_idiv0)
C:/Users/ermer/.pico-sdk/toolchain/14_2_Rel1/bin/../lib/gcc/arm-none-eabi/14.2.1/thumb/v6-m/nofp\libg.a(libc_a-atoi.o)
                              CMakeFiles/tarefa3.dir/C_/Users/ermer/.pico-sdk/sdk/2.1.1/lib/lwip/src/core/netif.c.obj (atoi)
C:/Users/ermer/.pico-sdk/toolchain/14_2_Rel1/bin/../lib/gcc/arm-none-eabi/14.2.1/thumb/v6-m/nofp\libg.a(libc_a-calloc.o)
                              CMakeFiles/tarefa3.dir/C_/Users/ermer/.pico-sdk/sdk/2.1.1/src/rp2_common/pico_malloc/malloc.c.obj (calloc)
C:/Users/ermer/.pico-sdk/toolchain/14_2_Rel1/bin/../lib/gcc/arm-none-eabi/14.2.1/thumb/v6-m/nofp\libg.a(libc_a-callocr.o)
                              C:/Users/ermer/.pico-sdk/toolchain/14_2_Rel1/bin/../lib/gcc/arm-none-eabi/14.2.1/thumb/v6-m/nofp\libg.a(libc_a-calloc.o) (_calloc_r)
C:/Users/ermer/.pico-sdk/toolchain/14_2_Rel1/bin/../lib/gcc/arm-none-eabi/14.2.1/thumb/v6-m/nofp\libg.a(libc_a-malloc.o)
                              CMakeFiles/tarefa3.dir/C_/Users/ermer/.pico-sdk/sdk/2.1.1/src/rp2_common/pico_malloc/malloc.c.obj (malloc)
C:/Users/ermer/.pico-sdk/toolchain/14_2_Rel1/bin/../lib/gcc/arm-none-eabi/14.2.1/thumb/v6-m/nofp\libg.a(libc_a-mallocr.o)
                              C:/Users/ermer/.pico-sdk/toolchain/14_2_Rel1/bin/../lib/gcc/arm-none-eabi/14.2.1/thumb/v6-m/nofp\libg.a(libc_a-callocr.o) (_malloc_r)
C:/Users/ermer/.pico-sdk/toolchain/14_2_Rel1/bin/../lib/gcc/arm-none-eabi/14.2.1/thumb/v6-m/nofp\libg.a(libc_a-mlock.o)
                              C:/Users/ermer/.pico-sdk/toolchain/14_2_Rel1/bin/../lib/gcc/arm-none-eabi/14.2.1/thumb/v6-m/nofp\libg.a(libc_a-mallocr.o) (__malloc_lock)
C:/Users/ermer/.pico-sdk/toolchain/14_2_Rel1/bin/../lib/gcc/arm-none-eabi/14.2.1/thumb/v6-m/nofp\libg.a(libc_a-realloc.o)
                              CMakeFiles/tarefa3.dir/C_/Users/ermer/.pico-sdk/sdk/2.1.1/src/rp2_common/pico_malloc/malloc.c.obj (realloc)
C:/Users/ermer/.pico-sdk/toolchain/14_2_Rel1/bin/../lib/gcc/arm-none-eabi/14.2.1/thumb/v6-m/nofp\libg.a(libc_a-reallocr.o)
                              C:/Users/ermer/.pico-sdk/toolchain/14_2_Rel1/bin/../lib/gcc/arm-none-eabi/14.2.1/thumb/v6-m/nofp\libg.a(libc_a-realloc.o) (_realloc_r)
C:/Users/ermer/.pico-sdk/toolchain/14_2_Rel1/bin/../lib/gcc/arm-none-eabi/14.2.1/thumb/v6-m/nofp\libg.a(libc_a-strtol.o)
                              C:/Users/ermer/.pico-sdk/toolchain/14_2_Rel1/bin/../lib/gcc/arm-none-eabi/14.2.1/thumb/v6-m/nofp\libg.a(libc_a-atoi.o) (_strtol_r)
C:/Users/ermer/.pico-sdk/toolchain/14_2_Rel1/bin/../lib/gcc/arm-none-eabi/14.2.1/thumb/v6-m/nofp\libg.a(libc_a-ctype_.o)
                              CMakeFiles/tarefa3.dir/C_/Users/ermer/.pico-sdk/sdk/2.1.1/lib/tinyusb/src/tusb.c.obj (_ctype_)
C:/Users/ermer/.pico-sdk/toolchain/14_2_Rel1/bin/../lib/gcc/arm-none-eabi/14.2.1/thumb/v6-m/nofp\libg.a(libc_a-memcmp.o)
                              CMakeFiles/tarefa3.dir/C_/Users/ermer/.pico-sdk/sdk/2.1.1/src/rp2_common/pico_atomic/atomic.c.obj (memcmp)
C:/Users/ermer/.pico-sdk/toolchain/14_2_Rel1/bin/../lib/gcc/arm-none-eabi/14.2.1/thumb/v6-m/nofp\libg.a(libc_a-memmove.o)
                              CMakeFiles/tarefa3.dir/C_/Users/ermer/.pico-sdk/sdk/2.1.1/lib/lwip/src/core/def.c.obj (memmove)
C:/Users/ermer/.pico-sdk/toolchain/14_2_Rel1/bin/../lib/gcc/arm-none-eabi/14.2.1/thumb/v6-m/nofp\libg.a(libc_a-strncmp.o)
                              CMakeFiles/tarefa3.dir/C_/Users/ermer/.pico-sdk/sdk/2.1.1/lib/lwip/src/core/def.c.obj (strncmp)
C:/Users/ermer/.pico-sdk/toolchain/14_2_Rel1/bin/../lib/gcc/arm-none-eabi/14.2.1/thumb/v6-m/nofp\libg.a(libc_a-strncpy.o)
                              CMakeFiles/tarefa3.dir/tarefa3.c.obj (strncpy)
C:/Users/ermer/.pico-sdk/toolchain/14_2_Rel1/bin/../lib/gcc/arm-none-eabi/14.2.1/thumb/v6-m/nofp\libg.a(libc_a-lcltime_r.o)
                              CMakeFiles/tarefa3.dir/C_/Users/ermer/.pico-sdk/sdk/2.1.1/src/common/pico_util/datetime.c.obj (localtime_r)
C:/Users/ermer/.pico-sdk/toolchain/14_2_Rel1/bin/../lib/gcc/arm-none-eabi/14.2.1/thumb/v6-m/nofp\libg.a(libc_a-mktime.o)
                              CMakeFiles/tarefa3.dir/C_/Users/ermer/.pico-sdk/sdk/2.1.1/src/common/pico_util/datetime.c.obj (mktime)
C:/Users/ermer/.pico-sdk/toolchain/14_2_Rel1/bin/../lib/gcc/arm-none-eabi/14.2.1/thumb/v6-m/nofp\libg.a(libc_a-month_lengths.o)
                              C:/Users/ermer/.pico-sdk/toolchain/14_2_Rel1/bin/../lib/gcc/arm-none-eabi/14.2.1/thumb/v6-m/nofp\libg.a(libc_a-lcltime_r.o) (__month_lengths)
C:/Users/ermer/.pico-sdk/toolchain/14_2_Rel1/bin/../lib/gcc/arm-none-eabi/14.2.1/thumb/v6-m/nofp\libg.a(libc_a-tzcalc_limits.o)
[...]
Memory Configuration

Name             Origin             Length             Attributes
FLASH            0x10000000         0x00200000         xr
RAM              0x20000000         0x00040000         xrw
SCRATCH_X        0x20040000         0x00001000         xrw
SCRATCH_Y        0x20041000         0x00001000         xrw
*default*        0x00000000         0xffffffff

Linker script and memory map

LOAD C:/Users/ermer/.pico-sdk/toolchain/14_2_Rel1/bin/../lib/gcc/arm-none-eabi/14.2.1/thumb/v6-m/nofp/crti.o
LOAD C:/Users/ermer/.pico-sdk/toolchain/14_2_Rel1/bin/../lib/gcc/arm-none-eabi/14.2.1/thumb/v6-m/nofp/crtbegin.o
LOAD C:/Users/ermer/.pico-sdk/toolchain/14_2_Rel1/bin/../lib/gcc/arm-none-eabi/14.2.1/thumb/v6-m/nofp/crt0.o

.flash_begin    0x10000000        0x0
                0x10000000                        __flash_binary_start = .

.boot2          0x10000000      0x100
                0x10000000                        __boot2_start__ = .
 *(.boot2)
 .boot2         0x10000000      0x100 pico-sdk/src/rp2040/boot_stage2/CMakeFiles/bs2_default_library.dir/./bs2_default_padded_checksummed.S.obj
                0x10000100                        __boot2_end__ = .
                0x00000001                        ASSERT (((__boot2_end__ - __boot2_start__) == 0x100), ERROR: Pico second stage bootloader must be 256 bytes in size)

.text           0x10000100    0x1875c
                0x10000100                        __logical_binary_start = .
 *(.vectors)
 .vectors       0x10000100       0xd4 CMakeFiles/tarefa3.dir/C_/Users/ermer/.pico-sdk/sdk/2.1.1/src/rp2_common/pico_crt0/crt0.S.obj
                0x10000100                __VECTOR_TABLE
                0x10000100                __vectors
                0x100001c0                isr_invalid
                0x100001c0                __default_isrs_start
                0x100001c2                isr_nmi
                0x100001c4                isr_hardfault
                0x100001c6                isr_svcall
                0x100001c8                isr_pendsv
                0x100001ca                isr_systick
                0x100001cc                isr_irq23
                0x100001cc                isr_irq18
                0x100001cc                isr_irq11
                0x100001cc                isr_irq28
                0x100001cc                isr_irq19
                0x100001cc                isr_irq0
                0x100001cc                isr_irq6
                0x100001cc                isr_irq5
                0x100001cc                isr_irq12
                0x100001cc                isr_irq22
                0x100001cc                isr_irq31
                0x100001cc                isr_irq17
                0x100001cc                isr_irq27
                0x100001cc                isr_irq30
                0x100001cc                isr_irq2
                0x100001cc                isr_irq10
                0x100001cc                isr_irq8
                0x100001cc                isr_irq24
                0x100001cc                isr_irq1
                0x100001cc                isr_irq7
                0x100001cc                isr_irq21
                0x100001cc                isr_irq20
                0x100001cc                isr_irq15
                0x100001cc                isr_irq25
                0x100001cc                isr_irq13
                0x100001cc                __unhandled_user_irq
                0x100001cc                isr_irq4
                0x100001cc                isr_irq16
                0x100001cc                isr_irq29
                0x100001cc                isr_irq26
                0x100001cc                __default_isrs_end
                0x100001cc                isr_irq3
                0x100001cc                isr_irq14
                0x100001cc                isr_irq9
                0x100001d2                unhandled_user_irq_num_in_r0
 *(.binary_info_header)
 .binary_info_header
                0x100001d4       0x14 CMakeFiles/tarefa3.dir/C_/Users/ermer/.pico-sdk/sdk/2.1.1/src/rp2_common/pico_crt0/crt0.S.obj
                0x100001e8                        __binary_info_header_end = .
 *(.embedded_block)
                0x100001e8                        __embedded_block_end = .
 *(.reset)
 .reset         0x100001e8       0x9c CMakeFiles/tarefa3.dir/C_/Users/ermer/.pico-sdk/sdk/2.1.1/src/rp2_common/pico_crt0/crt0.S.obj
                0x100001e8                _entry_point
 *(.init)
 .init          0x10000284        0x4 C:/Users/ermer/.pico-sdk/toolchain/14_2_Rel1/bin/../lib/gcc/arm-none-eabi/14.2.1/thumb/v6-m/nofp/crti.o
                0x10000284                _init
 *(EXCLUDE_FILE(*libm.a: *libc.a:*lib_a-mem*.o *libgcc.a:) .text*)
 .text.register_tm_clones
                0x10000288       0x28 C:/Users/ermer/.pico-sdk/toolchain/14_2_Rel1/bin/../lib/gcc/arm-none-eabi/14.2.1/thumb/v6-m/nofp/crtbegin.o
 .text.frame_dummy
                0x100002b0       0x24 C:/Users/ermer/.pico-sdk/toolchain/14_2_Rel1/bin/../lib/gcc/arm-none-eabi/14.2.1/thumb/v6-m/nofp/crtbegin.o
 .text.wifi_management_task
                0x100002d4       0xc8 CMakeFiles/tarefa3.dir/tarefa3.c.obj
                0x100002d4                wifi_management_task
 .text.indicate_mqtt_publication
                0x1000039c       0x16 CMakeFiles/tarefa3.dir/tarefa3.c.obj
 *fill*         0x100003b2        0x2 
 .text.publish_message
                0x100003b4       0x40 CMakeFiles/tarefa3.dir/tarefa3.c.obj
 .text.mpu6050_reading_task
                0x100003f4      0x130 CMakeFiles/tarefa3.dir/tarefa3.c.obj
                0x100003f4                mpu6050_reading_task
 .text.main     0x10000524       0xc0 CMakeFiles/tarefa3.dir/tarefa3.c.obj
                0x10000524                main
 .text.setup_led
                0x100005e4       0x32 CMakeFiles/tarefa3.dir/src/led.c.obj
                0x100005e4                setup_led
 *fill*         0x10000616        0x2 
 .text.mqtt_connection_callback
                0x10000618       0x20 CMakeFiles/tarefa3.dir/src/mqtt_comm.c.obj
 .text.mqtt_publication_callback
                0x10000638       0x14 CMakeFiles/tarefa3.dir/src/mqtt_comm.c.obj
 .text.start_broker_connection
                0x1000064c       0x44 CMakeFiles/tarefa3.dir/src/mqtt_comm.c.obj
 .text.dns_resolution_callback
                0x10000690       0x30 CMakeFiles/tarefa3.dir/src/mqtt_comm.c.obj
 .text.mqtt_setup
                0x100006c0       0x7c CMakeFiles/tarefa3.dir/src/mqtt_comm.c.obj
                0x100006c0                mqtt_setup
 .text.mqtt_comm_publish
                0x1000073c       0x48 CMakeFiles/tarefa3.dir/src/mqtt_comm.c.obj
                0x1000073c                mqtt_comm_publish
 .text.mqtt_is_connected
                0x10000784       0x20 CMakeFiles/tarefa3.dir/src/mqtt_comm.c.obj
                0x10000784                mqtt_is_connected
 .text.connect_to_wifi
                0x100007a4       0x38 CMakeFiles/tarefa3.dir/src/wifi_conn.c.obj
                0x100007a4                connect_to_wifi
 .text.init_mpu6050
                0x100007dc       0x20 CMakeFiles/tarefa3.dir/src/sensor_mpu6050.c.obj
                0x100007dc                init_mpu6050
 .text.read_raw_data
                0x100007fc       0x8c CMakeFiles/tarefa3.dir/src/sensor_mpu6050.c.obj
                0x100007fc                read_raw_data
 .text.mpu6050_convert_to_g
                0x10000888       0x3e CMakeFiles/tarefa3.dir/src/sensor_mpu6050.c.obj
                0x10000888                mpu6050_convert_to_g
 *fill*         0x100008c6        0x2 
 .text.mpu6050_convert_to_dps
                0x100008c8       0x3c CMakeFiles/tarefa3.dir/src/sensor_mpu6050.c.obj
                0x100008c8                mpu6050_convert_to_dps
 .text.mpu6050_convert_to_celsius
                0x10000904       0x1c CMakeFiles/tarefa3.dir/src/sensor_mpu6050.c.obj
                0x10000904                mpu6050_convert_to_celsius
 .text.gpio_set_function
                0x10000920       0x34 CMakeFiles/tarefa3.dir/C_/Users/ermer/.pico-sdk/sdk/2.1.1/src/rp2_common/hardware_gpio/gpio.c.obj
                0x10000920                gpio_set_function
 .text.gpio_set_pulls
                0x10000954       0x38 CMakeFiles/tarefa3.dir/C_/Users/ermer/.pico-sdk/sdk/2.1.1/src/rp2_common/hardware_gpio/gpio.c.obj
                0x10000954                gpio_set_pulls
 .text.gpio_set_input_hysteresis_enabled
                0x1000098c       0x28 CMakeFiles/tarefa3.dir/C_/Users/ermer/.pico-sdk/sdk/2.1.1/src/rp2_common/hardware_gpio/gpio.c.obj
                0x1000098c                gpio_set_input_hysteresis_enabled
 .text.gpio_add_raw_irq_handler_with_order_priority_masked
                0x100009b4       0x40 CMakeFiles/tarefa3.dir/C_/Users/ermer/.pico-sdk/sdk/2.1.1/src/rp2_common/hardware_gpio/gpio.c.obj
                0x100009b4                gpio_add_raw_irq_handler_with_order_priority_masked
 .text.gpio_remove_raw_irq_handler_masked
                0x100009f4       0x20 CMakeFiles/tarefa3.dir/C_/Users/ermer/.pico-sdk/sdk/2.1.1/src/rp2_common/hardware_gpio/gpio.c.obj
                0x100009f4                gpio_remove_raw_irq_handler_masked
 .text.gpio_acknowledge_irq
                0x10000a14       0x18 CMakeFiles/tarefa3.dir/C_/Users/ermer/.pico-sdk/sdk/2.1.1/src/rp2_common/hardware_gpio/gpio.c.obj
                0x10000a14                gpio_acknowledge_irq
 .text._gpio_set_irq_enabled
                0x10000a2c       0x38 CMakeFiles/tarefa3.dir/C_/Users/ermer/.pico-sdk/sdk/2.1.1/src/rp2_common/hardware_gpio/gpio.c.obj
 .text.gpio_set_irq_enabled
                0x10000a64       0x20 CMakeFiles/tarefa3.dir/C_/Users/ermer/.pico-sdk/sdk/2.1.1/src/rp2_common/hardware_gpio/gpio.c.obj
                0x10000a64                gpio_set_irq_enabled
 .text.gpio_init
                0x10000a84       0x16 CMakeFiles/tarefa3.dir/C_/Users/ermer/.pico-sdk/sdk/2.1.1/src/rp2_common/hardware_gpio/gpio.c.obj
                0x10000a84                gpio_init
 .text.rp2040_chip_version
                0x10000a9a        0xa CMakeFiles/tarefa3.dir/C_/Users/ermer/.pico-sdk/sdk/2.1.1/src/rp2040/pico_platform/platform.c.obj
                0x10000a9a                rp2040_chip_version
 .text.panic    0x10000aa4       0x30 CMakeFiles/tarefa3.dir/C_/Users/ermer/.pico-sdk/sdk/2.1.1/src/rp2_common/pico_platform_panic/panic.c.obj
                0x10000aa4                panic
 .text.panic_unsupported
                0x10000ad4        0xc CMakeFiles/tarefa3.dir/C_/Users/ermer/.pico-sdk/sdk/2.1.1/src/rp2_common/pico_platform_panic/panic.c.obj
                0x10000ad4                panic_unsupported
 .text.hw_claim_lock
                0x10000ae0       0x18 CMakeFiles/tarefa3.dir/C_/Users/ermer/.pico-sdk/sdk/2.1.1/src/common/hardware_claim/claim.c.obj
                0x10000ae0                hw_claim_lock
 .text.hw_claim_unlock
                0x10000af8       0x14 CMakeFiles/tarefa3.dir/C_/Users/ermer/.pico-sdk/sdk/2.1.1/src/common/hardware_claim/claim.c.obj
                0x10000af8                hw_claim_unlock
 .text.hw_claim_or_assert
                0x10000b0c       0x32 CMakeFiles/tarefa3.dir/C_/Users/ermer/.pico-sdk/sdk/2.1.1/src/common/hardware_claim/claim.c.obj
                0x10000b0c                hw_claim_or_assert
 .text.hw_claim_unused_from_range
                0x10000b3e       0x50 CMakeFiles/tarefa3.dir/C_/Users/ermer/.pico-sdk/sdk/2.1.1/src/common/hardware_claim/claim.c.obj
                0x10000b3e                hw_claim_unused_from_range
 .text.hw_claim_clear
                0x10000b8e       0x20 CMakeFiles/tarefa3.dir/C_/Users/ermer/.pico-sdk/sdk/2.1.1/src/common/hardware_claim/claim.c.obj
                0x10000b8e                hw_claim_clear
 *fill*         0x10000bae        0x2 
 .text.next_striped_spin_lock_num
                0x10000bb0       0x1c CMakeFiles/tarefa3.dir/C_/Users/ermer/.pico-sdk/sdk/2.1.1/src/rp2_common/hardware_sync/sync.c.obj
                0x10000bb0                next_striped_spin_lock_num
 .text.spin_lock_claim_unused
                0x10000bcc       0x24 CMakeFiles/tarefa3.dir/C_/Users/ermer/.pico-sdk/sdk/2.1.1/src/rp2_common/hardware_sync/sync.c.obj
                0x10000bcc                spin_lock_claim_unused
 .text.spin_locks_reset
                0x10000bf0       0x20 CMakeFiles/tarefa3.dir/C_/Users/ermer/.pico-sdk/sdk/2.1.1/src/rp2_common/hardware_sync_spin_lock/sync_spin_lock.c.obj
                0x10000bf0                spin_locks_reset
 .text.set_raw_irq_handler_and_unlock
                0x10000c10       0x28 CMakeFiles/tarefa3.dir/C_/Users/ermer/.pico-sdk/sdk/2.1.1/src/rp2_common/hardware_irq/irq.c.obj
 .text.make_j_16
                0x10000c38       0x18 CMakeFiles/tarefa3.dir/C_/Users/ermer/.pico-sdk/sdk/2.1.1/src/rp2_common/hardware_irq/irq.c.obj
 .text.insert_bl_32
                0x10000c50       0x24 CMakeFiles/tarefa3.dir/C_/Users/ermer/.pico-sdk/sdk/2.1.1/src/rp2_common/hardware_irq/irq.c.obj
 .text.nvic_ipr0
                0x10000c74        0x8 CMakeFiles/tarefa3.dir/C_/Users/ermer/.pico-sdk/sdk/2.1.1/src/rp2_common/hardware_irq/irq.c.obj
 .text.runtime_init_per_core_irq_priorities
                0x10000c7c       0x1c CMakeFiles/tarefa3.dir/C_/Users/ermer/.pico-sdk/sdk/2.1.1/src/rp2_common/hardware_irq/irq.c.obj
                0x10000c7c                runtime_init_per_core_irq_priorities
 .text.get_user_irq_claim_index
                0x10000c98        0x6 CMakeFiles/tarefa3.dir/C_/Users/ermer/.pico-sdk/sdk/2.1.1/src/rp2_common/hardware_irq/irq.c.obj
 *fill*         0x10000c9e        0x2 
 .text.irq_is_enabled
                0x10000ca0       0x18 CMakeFiles/tarefa3.dir/C_/Users/ermer/.pico-sdk/sdk/2.1.1/src/rp2_common/hardware_irq/irq.c.obj
                0x10000ca0                irq_is_enabled
 .text.irq_set_mask_n_enabled
                0x10000cb8       0x1c CMakeFiles/tarefa3.dir/C_/Users/ermer/.pico-sdk/sdk/2.1.1/src/rp2_common/hardware_irq/irq.c.obj
                0x10000cb8                irq_set_mask_n_enabled
 .text.irq_set_enabled
                0x10000cd4       0x14 CMakeFiles/tarefa3.dir/C_/Users/ermer/.pico-sdk/sdk/2.1.1/src/rp2_common/hardware_irq/irq.c.obj
                0x10000cd4                irq_set_enabled
 .text.irq_set_pending
                0x10000ce8       0x10 CMakeFiles/tarefa3.dir/C_/Users/ermer/.pico-sdk/sdk/2.1.1/src/rp2_common/hardware_irq/irq.c.obj
                0x10000ce8                irq_set_pending
 .text.irq_get_vtable_handler
                0x10000cf8       0x10 CMakeFiles/tarefa3.dir/C_/Users/ermer/.pico-sdk/sdk/2.1.1/src/rp2_common/hardware_irq/irq.c.obj
                0x10000cf8                irq_get_vtable_handler
 .text.irq_has_shared_handler
                0x10000d08       0x1c CMakeFiles/tarefa3.dir/C_/Users/ermer/.pico-sdk/sdk/2.1.1/src/rp2_common/hardware_irq/irq.c.obj
                0x10000d08                irq_has_shared_handler
 .text.irq_set_exclusive_handler
                0x10000d24       0x40 CMakeFiles/tarefa3.dir/C_/Users/ermer/.pico-sdk/sdk/2.1.1/src/rp2_common/hardware_irq/irq.c.obj
                0x10000d24                irq_set_exclusive_handler
 .text.irq_add_shared_handler
                0x10000d64      0x1e0 CMakeFiles/tarefa3.dir/C_/Users/ermer/.pico-sdk/sdk/2.1.1/src/rp2_common/hardware_irq/irq.c.obj
                0x10000d64                irq_add_shared_handler
 .text.irq_remove_handler
                0x10000f44      0x170 CMakeFiles/tarefa3.dir/C_/Users/ermer/.pico-sdk/sdk/2.1.1/src/rp2_common/hardware_irq/irq.c.obj
                0x10000f44                irq_remove_handler
 .text.irq_set_priority
                0x100010b4       0x26 CMakeFiles/tarefa3.dir/C_/Users/ermer/.pico-sdk/sdk/2.1.1/src/rp2_common/hardware_irq/irq.c.obj
                0x100010b4                irq_set_priority
 *fill*         0x100010da        0x2 
 .text.irq_add_tail_to_free_list
                0x100010dc       0xa4 CMakeFiles/tarefa3.dir/C_/Users/ermer/.pico-sdk/sdk/2.1.1/src/rp2_common/hardware_irq/irq.c.obj
                0x100010dc                irq_add_tail_to_free_list
 .text.user_irq_unclaim
                0x10001180       0x18 CMakeFiles/tarefa3.dir/C_/Users/ermer/.pico-sdk/sdk/2.1.1/src/rp2_common/hardware_irq/irq.c.obj
                0x10001180                user_irq_unclaim
 .text.user_irq_claim_unused
                0x10001198       0x2c CMakeFiles/tarefa3.dir/C_/Users/ermer/.pico-sdk/sdk/2.1.1/src/rp2_common/hardware_irq/irq.c.obj
                0x10001198                user_irq_claim_unused
 .text.sem_init
                0x100011c4       0x1e CMakeFiles/tarefa3.dir/C_/Users/ermer/.pico-sdk/sdk/2.1.1/src/common/pico_sync/sem.c.obj
                0x100011c4                sem_init
 *fill*         0x100011e2        0x2 
 .text.lock_init
                0x100011e4       0x10 CMakeFiles/tarefa3.dir/C_/Users/ermer/.pico-sdk/sdk/2.1.1/src/common/pico_sync/lock_core.c.obj
                0x100011e4                lock_init
 .text.mutex_init
                0x100011f4       0x1c CMakeFiles/tarefa3.dir/C_/Users/ermer/.pico-sdk/sdk/2.1.1/src/common/pico_sync/mutex.c.obj
                0x100011f4                mutex_init
 .text.recursive_mutex_init
                0x10001210       0x20 CMakeFiles/tarefa3.dir/C_/Users/ermer/.pico-sdk/sdk/2.1.1/src/common/pico_sync/mutex.c.obj
                0x10001210                recursive_mutex_init
 .text.runtime_init_mutex
                0x10001230       0x30 CMakeFiles/tarefa3.dir/C_/Users/ermer/.pico-sdk/sdk/2.1.1/src/common/pico_sync/mutex.c.obj
                0x10001230                runtime_init_mutex
 .text.critical_section_init_with_lock_num
                0x10001260       0x14 CMakeFiles/tarefa3.dir/C_/Users/ermer/.pico-sdk/sdk/2.1.1/src/common/pico_sync/critical_section.c.obj
                0x10001260                critical_section_init_with_lock_num
 .text.critical_section_init
                0x10001274       0x14 CMakeFiles/tarefa3.dir/C_/Users/ermer/.pico-sdk/sdk/2.1.1/src/common/pico_sync/critical_section.c.obj
                0x10001274                critical_section_init
 .text.ta_set_timeout
                0x10001288       0x24 CMakeFiles/tarefa3.dir/C_/Users/ermer/.pico-sdk/sdk/2.1.1/src/common/pico_time/time.c.obj
 .text.make_alarm_id
                0x100012ac        0x6 CMakeFiles/tarefa3.dir/C_/Users/ermer/.pico-sdk/sdk/2.1.1/src/common/pico_time/time.c.obj
 *fill*         0x100012b2        0x2 
 .text.alarm_pool_irq_handler
                0x100012b4      0x2d4 CMakeFiles/tarefa3.dir/C_/Users/ermer/.pico-sdk/sdk/2.1.1/src/common/pico_time/time.c.obj
 .text.ta_enable_irq_handler
                0x10001588       0x2c CMakeFiles/tarefa3.dir/C_/Users/ermer/.pico-sdk/sdk/2.1.1/src/common/pico_time/time.c.obj
 .text.alarm_pool_post_alloc_init
                0x100015b4       0x78 CMakeFiles/tarefa3.dir/C_/Users/ermer/.pico-sdk/sdk/2.1.1/src/common/pico_time/time.c.obj
 .text.ta_disable_irq_handler
                0x1000162c       0x30 CMakeFiles/tarefa3.dir/C_/Users/ermer/.pico-sdk/sdk/2.1.1/src/common/pico_time/time.c.obj
 .text.sleep_until_callback
                0x1000165c       0x28 CMakeFiles/tarefa3.dir/C_/Users/ermer/.pico-sdk/sdk/2.1.1/src/common/pico_time/time.c.obj
 .text.alarm_pool_get_default
                0x10001684        0x8 CMakeFiles/tarefa3.dir/C_/Users/ermer/.pico-sdk/sdk/2.1.1/src/common/pico_time/time.c.obj
                0x10001684                alarm_pool_get_default
 .text.alarm_pool_create_on_timer_with_unused_hardware_alarm
                0x1000168c       0x32 CMakeFiles/tarefa3.dir/C_/Users/ermer/.pico-sdk/sdk/2.1.1/src/common/pico_time/time.c.obj
                0x1000168c                alarm_pool_create_on_timer_with_unused_hardware_alarm
 *fill*         0x100016be        0x2 
 .text.alarm_pool_destroy
                0x100016c0       0x38 CMakeFiles/tarefa3.dir/C_/Users/ermer/.pico-sdk/sdk/2.1.1/src/common/pico_time/time.c.obj
                0x100016c0                alarm_pool_destroy
 .text.alarm_pool_add_alarm_at_force_in_context
                0x100016f8       0xa4 CMakeFiles/tarefa3.dir/C_/Users/ermer/.pico-sdk/sdk/2.1.1/src/common/pico_time/time.c.obj
                0x100016f8                alarm_pool_add_alarm_at_force_in_context
 .text.alarm_pool_add_alarm_at
                0x1000179c       0x3c CMakeFiles/tarefa3.dir/C_/Users/ermer/.pico-sdk/sdk/2.1.1/src/common/pico_time/time.c.obj
                0x1000179c                alarm_pool_add_alarm_at
 .text.add_alarm_at
                0x100017d8       0x2e CMakeFiles/tarefa3.dir/C_/Users/ermer/.pico-sdk/sdk/2.1.1/src/common/pico_time/time.c.obj
 *fill*         0x10001806        0x2 
 .text.alarm_pool_cancel_alarm
                0x10001808       0x78 CMakeFiles/tarefa3.dir/C_/Users/ermer/.pico-sdk/sdk/2.1.1/src/common/pico_time/time.c.obj
                0x10001808                alarm_pool_cancel_alarm
 .text.cancel_alarm
                0x10001880       0x10 CMakeFiles/tarefa3.dir/C_/Users/ermer/.pico-sdk/sdk/2.1.1/src/common/pico_time/time.c.obj
 .text.alarm_pool_core_num
                0x10001890        0x4 CMakeFiles/tarefa3.dir/C_/Users/ermer/.pico-sdk/sdk/2.1.1/src/common/pico_time/time.c.obj
                0x10001890                alarm_pool_core_num
 .text.sleep_until
                0x10001894       0x94 CMakeFiles/tarefa3.dir/C_/Users/ermer/.pico-sdk/sdk/2.1.1/src/common/pico_time/time.c.obj
                0x10001894                sleep_until
 .text.sleep_us
                0x10001928       0x24 CMakeFiles/tarefa3.dir/C_/Users/ermer/.pico-sdk/sdk/2.1.1/src/common/pico_time/time.c.obj
                0x10001928                sleep_us
 .text.sleep_ms
                0x1000194c       0x14 CMakeFiles/tarefa3.dir/C_/Users/ermer/.pico-sdk/sdk/2.1.1/src/common/pico_time/time.c.obj
                0x1000194c                sleep_ms
 .text.best_effort_wfe_or_timeout
                0x10001960      0x11c CMakeFiles/tarefa3.dir/C_/Users/ermer/.pico-sdk/sdk/2.1.1/src/common/pico_time/time.c.obj
                0x10001960                best_effort_wfe_or_timeout
 .text.alarm_pool_get_default_timer
                0x10001a7c        0x8 CMakeFiles/tarefa3.dir/C_/Users/ermer/.pico-sdk/sdk/2.1.1/src/common/pico_time/time.c.obj
                0x10001a7c                alarm_pool_get_default_timer
 .text.runtime_init_default_alarm_pool
                0x10001a84       0x38 CMakeFiles/tarefa3.dir/C_/Users/ermer/.pico-sdk/sdk/2.1.1/src/common/pico_time/time.c.obj
                0x10001a84                runtime_init_default_alarm_pool
 .text.timer_hardware_alarm_claim
                0x10001abc       0x14 CMakeFiles/tarefa3.dir/C_/Users/ermer/.pico-sdk/sdk/2.1.1/src/rp2_common/hardware_timer/timer.c.obj
                0x10001abc                timer_hardware_alarm_claim
 .text.timer_hardware_alarm_unclaim
                0x10001ad0       0x10 CMakeFiles/tarefa3.dir/C_/Users/ermer/.pico-sdk/sdk/2.1.1/src/rp2_common/hardware_timer/timer.c.obj
                0x10001ad0                timer_hardware_alarm_unclaim
 .text.hardware_alarm_unclaim
                0x10001ae0       0x10 CMakeFiles/tarefa3.dir/C_/Users/ermer/.pico-sdk/sdk/2.1.1/src/rp2_common/hardware_timer/timer.c.obj
                0x10001ae0                hardware_alarm_unclaim
 .text.timer_hardware_alarm_claim_unused
                0x10001af0       0x20 CMakeFiles/tarefa3.dir/C_/Users/ermer/.pico-sdk/sdk/2.1.1/src/rp2_common/hardware_timer/timer.c.obj
                0x10001af0                timer_hardware_alarm_claim_unused
 .text.timer_time_us_64
                0x10001b10       0x10 CMakeFiles/tarefa3.dir/C_/Users/ermer/.pico-sdk/sdk/2.1.1/src/rp2_common/hardware_timer/timer.c.obj
                0x10001b10                timer_time_us_64
 .text.timer_busy_wait_until
                0x10001b20       0x1a CMakeFiles/tarefa3.dir/C_/Users/ermer/.pico-sdk/sdk/2.1.1/src/rp2_common/hardware_timer/timer.c.obj
                0x10001b20                timer_busy_wait_until
 .text.timer_busy_wait_us
                0x10001b3a       0x38 CMakeFiles/tarefa3.dir/C_/Users/ermer/.pico-sdk/sdk/2.1.1/src/rp2_common/hardware_timer/timer.c.obj
                0x10001b3a                timer_busy_wait_us
 *fill*         0x10001b72        0x2 
 .text.time_us_64
                0x10001b74       0x10 CMakeFiles/tarefa3.dir/C_/Users/ermer/.pico-sdk/sdk/2.1.1/src/rp2_common/hardware_timer/timer.c.obj
                0x10001b74                time_us_64
 .text.busy_wait_us
                0x10001b84       0x14 CMakeFiles/tarefa3.dir/C_/Users/ermer/.pico-sdk/sdk/2.1.1/src/rp2_common/hardware_timer/timer.c.obj
                0x10001b84                busy_wait_us
 .text.busy_wait_until
                0x10001b98       0x14 CMakeFiles/tarefa3.dir/C_/Users/ermer/.pico-sdk/sdk/2.1.1/src/rp2_common/hardware_timer/timer.c.obj
                0x10001b98                busy_wait_until
 .text.clock_configure_internal
                0x10001bac       0xc4 CMakeFiles/tarefa3.dir/C_/Users/ermer/.pico-sdk/sdk/2.1.1/src/rp2_common/hardware_clocks/clocks.c.obj
 .text.clock_configure_int_divider
                0x10001c70       0x28 CMakeFiles/tarefa3.dir/C_/Users/ermer/.pico-sdk/sdk/2.1.1/src/rp2_common/hardware_clocks/clocks.c.obj
                0x10001c70                clock_configure_int_divider
 .text.clock_configure_undivided
                0x10001c98       0x12 CMakeFiles/tarefa3.dir/C_/Users/ermer/.pico-sdk/sdk/2.1.1/src/rp2_common/hardware_clocks/clocks.c.obj
                0x10001c98                clock_configure_undivided
 *fill*         0x10001caa        0x2 
 .text.clock_get_hz
                0x10001cac        0xc CMakeFiles/tarefa3.dir/C_/Users/ermer/.pico-sdk/sdk/2.1.1/src/rp2_common/hardware_clocks/clocks.c.obj
                0x10001cac                clock_get_hz
 .text.pll_init
                0x10001cb8       0x9c CMakeFiles/tarefa3.dir/C_/Users/ermer/.pico-sdk/sdk/2.1.1/src/rp2_common/hardware_pll/pll.c.obj
                0x10001cb8                pll_init
 .text.watchdog_update
                0x10001d54       0x14 CMakeFiles/tarefa3.dir/C_/Users/ermer/.pico-sdk/sdk/2.1.1/src/rp2_common/hardware_watchdog/watchdog.c.obj
                0x10001d54                watchdog_update
 .text._watchdog_enable
                0x10001d68       0x7c CMakeFiles/tarefa3.dir/C_/Users/ermer/.pico-sdk/sdk/2.1.1/src/rp2_common/hardware_watchdog/watchdog.c.obj
                0x10001d68                _watchdog_enable
 .text.watchdog_reboot
                0x10001de4       0x48 CMakeFiles/tarefa3.dir/C_/Users/ermer/.pico-sdk/sdk/2.1.1/src/rp2_common/hardware_watchdog/watchdog.c.obj
                0x10001de4                watchdog_reboot
 .text.tick_start
                0x10001e2c       0x10 CMakeFiles/tarefa3.dir/C_/Users/ermer/.pico-sdk/sdk/2.1.1/src/rp2_common/hardware_ticks/ticks.c.obj
                0x10001e2c                tick_start
 .text.rom_func_lookup
                0x10001e3c       0x10 CMakeFiles/tarefa3.dir/C_/Users/ermer/.pico-sdk/sdk/2.1.1/src/rp2_common/pico_bootrom/bootrom.c.obj
                0x10001e3c                rom_func_lookup
 .text.rom_data_lookup
                0x10001e4c       0x10 CMakeFiles/tarefa3.dir/C_/Users/ermer/.pico-sdk/sdk/2.1.1/src/rp2_common/pico_bootrom/bootrom.c.obj
                0x10001e4c                rom_data_lookup
 .text.rom_funcs_lookup
                0x10001e5c       0x36 CMakeFiles/tarefa3.dir/C_/Users/ermer/.pico-sdk/sdk/2.1.1/src/rp2_common/pico_bootrom/bootrom.c.obj
                0x10001e5c                rom_funcs_lookup
 *fill*         0x10001e92        0x2 
 .text.rom_reset_usb_boot_extra
                0x10001e94       0x24 CMakeFiles/tarefa3.dir/C_/Users/ermer/.pico-sdk/sdk/2.1.1/src/rp2_common/pico_bootrom/bootrom.c.obj
                0x10001e94                rom_reset_usb_boot_extra
 .text.xosc_init
                0x10001eb8       0x2c CMakeFiles/tarefa3.dir/C_/Users/ermer/.pico-sdk/sdk/2.1.1/src/rp2_common/hardware_xosc/xosc.c.obj
                0x10001eb8                xosc_init
 .text.runtime_run_initializers_from
                0x10001ee4       0x18 CMakeFiles/tarefa3.dir/C_/Users/ermer/.pico-sdk/sdk/2.1.1/src/rp2_common/pico_runtime/runtime.c.obj
 .text.first_per_core_initializer
                0x10001efc        0x2 CMakeFiles/tarefa3.dir/C_/Users/ermer/.pico-sdk/sdk/2.1.1/src/rp2_common/pico_runtime/runtime.c.obj
 *fill*         0x10001efe        0x2 
 .text.hard_assertion_failure
                0x10001f00        0xc CMakeFiles/tarefa3.dir/C_/Users/ermer/.pico-sdk/sdk/2.1.1/src/rp2_common/pico_runtime/runtime.c.obj
                0x10001f00                hard_assertion_failure
 .text.runtime_run_initializers
                0x10001f0c       0x10 CMakeFiles/tarefa3.dir/C_/Users/ermer/.pico-sdk/sdk/2.1.1/src/rp2_common/pico_runtime/runtime.c.obj
                0x10001f0c                runtime_run_initializers
 .text.runtime_init_early_resets
                0x10001f1c       0x2c CMakeFiles/tarefa3.dir/C_/Users/ermer/.pico-sdk/sdk/2.1.1/src/rp2_common/pico_runtime_init/runtime_init.c.obj
                0x10001f1c                runtime_init_early_resets
 .text.runtime_init_usb_power_down
                0x10001f48       0x1c CMakeFiles/tarefa3.dir/C_/Users/ermer/.pico-sdk/sdk/2.1.1/src/rp2_common/pico_runtime_init/runtime_init.c.obj
                0x10001f48                runtime_init_usb_power_down
 .text.runtime_init_post_clock_resets
                0x10001f64       0x20 CMakeFiles/tarefa3.dir/C_/Users/ermer/.pico-sdk/sdk/2.1.1/src/rp2_common/pico_runtime_init/runtime_init.c.obj
                0x10001f64                runtime_init_post_clock_resets
 .text.runtime_init_rp2040_gpio_ie_disable
                0x10001f84       0x14 CMakeFiles/tarefa3.dir/C_/Users/ermer/.pico-sdk/sdk/2.1.1/src/rp2_common/pico_runtime_init/runtime_init.c.obj
                0x10001f84                runtime_init_rp2040_gpio_ie_disable
 .text.runtime_init_spin_locks_reset
                0x10001f98        0x8 CMakeFiles/tarefa3.dir/C_/Users/ermer/.pico-sdk/sdk/2.1.1/src/rp2_common/pico_runtime_init/runtime_init.c.obj
                0x10001f98                runtime_init_spin_locks_reset
 .text.runtime_init_install_ram_vector_table
                0x10001fa0       0x1c CMakeFiles/tarefa3.dir/C_/Users/ermer/.pico-sdk/sdk/2.1.1/src/rp2_common/pico_runtime_init/runtime_init.c.obj
                0x10001fa0                runtime_init_install_ram_vector_table
 .text.start_all_ticks
                0x10001fbc       0x28 CMakeFiles/tarefa3.dir/C_/Users/ermer/.pico-sdk/sdk/2.1.1/src/rp2_common/pico_runtime_init/runtime_init_clocks.c.obj
 .text.runtime_init_clocks
                0x10001fe4       0xcc CMakeFiles/tarefa3.dir/C_/Users/ermer/.pico-sdk/sdk/2.1.1/src/rp2_common/pico_runtime_init/runtime_init_clocks.c.obj
                0x10001fe4                runtime_init_clocks
 .text          0x100020b0       0x10 CMakeFiles/tarefa3.dir/C_/Users/ermer/.pico-sdk/sdk/2.1.1/src/rp2_common/pico_bit_ops/bit_ops_aeabi.S.obj
 .text.ctzsi    0x100020c0        0xc CMakeFiles/tarefa3.dir/C_/Users/ermer/.pico-sdk/sdk/2.1.1/src/rp2_common/pico_bit_ops/bit_ops_aeabi.S.obj
                0x100020c0                __wrap___ctzsi2
 .text.__wrap___aeabi_idiv
                0x100020cc       0x50 CMakeFiles/tarefa3.dir/C_/Users/ermer/.pico-sdk/sdk/2.1.1/src/rp2_common/pico_divider/divider_hardware.S.obj
                0x100020cc                __wrap___aeabi_idivmod
                0x100020cc                divmod_s32s32
                0x100020cc                div_s32s32
                0x100020cc                __wrap___aeabi_idiv
                0x100020d4                divmod_s32s32_unsafe
                0x10002100                divmod_s32s32_savestate
 .text.__wrap___aeabi_uidiv
                0x1000211c       0x4c CMakeFiles/tarefa3.dir/C_/Users/ermer/.pico-sdk/sdk/2.1.1/src/rp2_common/pico_divider/divider_hardware.S.obj
                0x1000211c                __wrap___aeabi_uidiv
                0x1000211c                __wrap___aeabi_uidivmod
                0x1000211c                div_u32u32
                0x1000211c                divmod_u32u32
                0x10002124                divmod_u32u32_unsafe
                0x1000214c                divmod_u32u32_savestate
 .text.__wrap___aeabi_ldiv
                0x10002168      0x424 CMakeFiles/tarefa3.dir/C_/Users/ermer/.pico-sdk/sdk/2.1.1/src/rp2_common/pico_divider/divider_hardware.S.obj
                0x10002168                div_s64s64
                0x10002168                divmod_s64s64
                0x10002168                __wrap___aeabi_ldivmod
                0x10002198                divmod_u64u64
                0x10002198                div_u64u64
                0x10002198                __wrap___aeabi_uldivmod
                0x100021a8                divmod_u64u64_savestate
                0x100021c8                divmod_s64s64_unsafe
                0x10002250                divmod_u64u64_unsafe
 .text.__wrap___aeabi_darithmetic
                0x1000258c       0x60 CMakeFiles/tarefa3.dir/C_/Users/ermer/.pico-sdk/sdk/2.1.1/src/rp2_common/pico_double/double_aeabi_rp2040.S.obj
                0x1000258c                __wrap___aeabi_drsub
                0x10002592                __wrap___aeabi_dsub
                0x1000259c                __wrap___aeabi_dadd
                0x100025a6                __wrap___aeabi_ddiv
                0x100025da                __wrap___aeabi_dmul
 .text.__wrap___aeabi_cdcmple
                0x100025ec       0x6c CMakeFiles/tarefa3.dir/C_/Users/ermer/.pico-sdk/sdk/2.1.1/src/rp2_common/pico_double/double_aeabi_rp2040.S.obj
                0x100025ec                __wrap___aeabi_cdrcmple
                0x100025fc                __wrap___aeabi_cdcmpeq
                0x100025fc                __wrap___aeabi_cdcmple
 .text.__wrap___aeabi_dcmplt
                0x10002658        0xc CMakeFiles/tarefa3.dir/C_/Users/ermer/.pico-sdk/sdk/2.1.1/src/rp2_common/pico_double/double_aeabi_rp2040.S.obj
                0x10002658                __wrap___aeabi_dcmplt
 .text.__wrap___aeabi_dcmple
                0x10002664       0x10 CMakeFiles/tarefa3.dir/C_/Users/ermer/.pico-sdk/sdk/2.1.1/src/rp2_common/pico_double/double_aeabi_rp2040.S.obj
                0x10002664                __wrap___aeabi_dcmple
 .text.__wrap___aeabi_dcmpge
                0x10002674       0x10 CMakeFiles/tarefa3.dir/C_/Users/ermer/.pico-sdk/sdk/2.1.1/src/rp2_common/pico_double/double_aeabi_rp2040.S.obj
                0x10002674                __wrap___aeabi_dcmpge
 .text.__wrap___aeabi_dcmpgt
                0x10002684        0xa CMakeFiles/tarefa3.dir/C_/Users/ermer/.pico-sdk/sdk/2.1.1/src/rp2_common/pico_double/double_aeabi_rp2040.S.obj
                0x10002684                __wrap___aeabi_dcmpgt
 .text.__wrap___aeabi_dcmpun
                0x1000268e       0x18 CMakeFiles/tarefa3.dir/C_/Users/ermer/.pico-sdk/sdk/2.1.1/src/rp2_common/pico_double/double_aeabi_rp2040.S.obj
                0x1000268e                __wrap___aeabi_dcmpun
 *fill*         0x100026a6        0x2 
 .text.__wrap___aeabi_i2d
                0x100026a8       0x38 CMakeFiles/tarefa3.dir/C_/Users/ermer/.pico-sdk/sdk/2.1.1/src/rp2_common/pico_double/double_aeabi_rp2040.S.obj
                0x100026a8                uint2double
                0x100026a8                __wrap___aeabi_ui2d
                0x100026b0                int2double
                0x100026b0                __wrap___aeabi_i2d
 .text.__wrap___aeabi_d2iz
                0x100026e0       0x48 CMakeFiles/tarefa3.dir/C_/Users/ermer/.pico-sdk/sdk/2.1.1/src/rp2_common/pico_double/double_aeabi_rp2040.S.obj
                0x100026e0                double2int_z
                0x100026e0                __wrap___aeabi_d2iz
 .text.__wrap___aeabi_d2uiz
                0x10002728       0x10 CMakeFiles/tarefa3.dir/C_/Users/ermer/.pico-sdk/sdk/2.1.1/src/rp2_common/pico_double/double_aeabi_rp2040.S.obj
                0x10002728                double2uint
                0x10002728                __wrap___aeabi_d2uiz
                0x10002728                double2uint_z
 .text.missing_double_func_shim
                0x10002738        0xc CMakeFiles/tarefa3.dir/C_/Users/ermer/.pico-sdk/sdk/2.1.1/src/rp2_common/pico_double/double_init_rom_rp2040.c.obj
 .text.__aeabi_double_init
                0x10002744       0x70 CMakeFiles/tarefa3.dir/C_/Users/ermer/.pico-sdk/sdk/2.1.1/src/rp2_common/pico_double/double_init_rom_rp2040.c.obj
                0x10002744                __aeabi_double_init
 .text.double_table_shim_on_use_helper
                0x100027b4       0x2c CMakeFiles/tarefa3.dir/C_/Users/ermer/.pico-sdk/sdk/2.1.1/src/rp2_common/pico_double/double_v1_rom_shim_rp2040.S.obj
                0x100027b4                double_table_shim_on_use_helper
 .text.__aeabi_lmul
                0x100027e0       0x32 CMakeFiles/tarefa3.dir/C_/Users/ermer/.pico-sdk/sdk/2.1.1/src/rp2_common/pico_int64_ops/pico_int64_ops_aeabi.S.obj
                0x100027e0                __wrap___aeabi_lmul
 *fill*         0x10002812        0x2 
 .text.__wrap___aeabi_farithmetic
                0x10002814       0x48 CMakeFiles/tarefa3.dir/C_/Users/ermer/.pico-sdk/sdk/2.1.1/src/rp2_common/pico_float/float_aeabi_rp2040.S.obj
                0x10002814                __wrap___aeabi_frsub
                0x1000281a                __wrap___aeabi_fsub
                0x10002820                __wrap___aeabi_fadd
                0x10002826                __wrap___aeabi_fdiv
                0x1000284e                __wrap___aeabi_fmul
 .text.__wrap___aeabi_i2f
                0x1000285c       0x44 CMakeFiles/tarefa3.dir/C_/Users/ermer/.pico-sdk/sdk/2.1.1/src/rp2_common/pico_float/float_aeabi_rp2040.S.obj
                0x1000285c                __wrap___aeabi_i2f
                0x1000285c                int2float
 .text.__wrap___aeabi_f2d
                0x100028a0        0xc CMakeFiles/tarefa3.dir/C_/Users/ermer/.pico-sdk/sdk/2.1.1/src/rp2_common/pico_float/float_aeabi_rp2040.S.obj
                0x100028a0                __wrap___aeabi_f2d
 .text.missing_float_func_shim
                0x100028ac        0xc CMakeFiles/tarefa3.dir/C_/Users/ermer/.pico-sdk/sdk/2.1.1/src/rp2_common/pico_float/float_init_rom_rp2040.c.obj
 .text.__aeabi_float_init
                0x100028b8       0x6c CMakeFiles/tarefa3.dir/C_/Users/ermer/.pico-sdk/sdk/2.1.1/src/rp2_common/pico_float/float_init_rom_rp2040.c.obj
                0x100028b8                __aeabi_float_init
 .text.check_alloc
                0x10002924       0x20 CMakeFiles/tarefa3.dir/C_/Users/ermer/.pico-sdk/sdk/2.1.1/src/rp2_common/pico_malloc/malloc.c.obj
 .text.__wrap_malloc
                0x10002944       0x2c CMakeFiles/tarefa3.dir/C_/Users/ermer/.pico-sdk/sdk/2.1.1/src/rp2_common/pico_malloc/malloc.c.obj
                0x10002944                __wrap_malloc
 .text.__wrap_calloc
                0x10002970       0x30 CMakeFiles/tarefa3.dir/C_/Users/ermer/.pico-sdk/sdk/2.1.1/src/rp2_common/pico_malloc/malloc.c.obj
                0x10002970                __wrap_calloc
 .text.__wrap_free
                0x100029a0       0x20 CMakeFiles/tarefa3.dir/C_/Users/ermer/.pico-sdk/sdk/2.1.1/src/rp2_common/pico_malloc/malloc.c.obj
                0x100029a0                __wrap_free
 .text          0x100029c0       0x10 CMakeFiles/tarefa3.dir/C_/Users/ermer/.pico-sdk/sdk/2.1.1/src/rp2_common/pico_mem_ops/mem_ops_aeabi.S.obj
                0x100029c0                __aeabi_mem_init
 .text.memset   0x100029d0        0xc CMakeFiles/tarefa3.dir/C_/Users/ermer/.pico-sdk/sdk/2.1.1/src/rp2_common/pico_mem_ops/mem_ops_aeabi.S.obj
                0x100029d0                __wrap_memset
 .text.memcpy   0x100029dc        0xc CMakeFiles/tarefa3.dir/C_/Users/ermer/.pico-sdk/sdk/2.1.1/src/rp2_common/pico_mem_ops/mem_ops_aeabi.S.obj
                0x100029dc                __wrap_memcpy
                0x100029dc                __wrap___aeabi_memcpy
 .text._out_buffer
                0x100029e8        0x8 CMakeFiles/tarefa3.dir/C_/Users/ermer/.pico-sdk/sdk/2.1.1/src/rp2_common/pico_printf/printf.c.obj
 .text._out_null
                0x100029f0        0x2 CMakeFiles/tarefa3.dir/C_/Users/ermer/.pico-sdk/sdk/2.1.1/src/rp2_common/pico_printf/printf.c.obj
 .text._out_fct
                0x100029f2        0xe CMakeFiles/tarefa3.dir/C_/Users/ermer/.pico-sdk/sdk/2.1.1/src/rp2_common/pico_printf/printf.c.obj
 .text._atoi    0x10002a00       0x24 CMakeFiles/tarefa3.dir/C_/Users/ermer/.pico-sdk/sdk/2.1.1/src/rp2_common/pico_printf/printf.c.obj
 .text._out_rev
                0x10002a24       0xb0 CMakeFiles/tarefa3.dir/C_/Users/ermer/.pico-sdk/sdk/2.1.1/src/rp2_common/pico_printf/printf.c.obj
 .text._ntoa_format
                0x10002ad4      0x10e CMakeFiles/tarefa3.dir/C_/Users/ermer/.pico-sdk/sdk/2.1.1/src/rp2_common/pico_printf/printf.c.obj
 .text._ntoa_long
                0x10002be2       0xbc CMakeFiles/tarefa3.dir/C_/Users/ermer/.pico-sdk/sdk/2.1.1/src/rp2_common/pico_printf/printf.c.obj
 .text._ntoa_long_long
                0x10002c9e      0x10e CMakeFiles/tarefa3.dir/C_/Users/ermer/.pico-sdk/sdk/2.1.1/src/rp2_common/pico_printf/printf.c.obj
 .text._etoa    0x10002dac      0x424 CMakeFiles/tarefa3.dir/C_/Users/ermer/.pico-sdk/sdk/2.1.1/src/rp2_common/pico_printf/printf.c.obj
 .text._ftoa    0x100031d0      0x348 CMakeFiles/tarefa3.dir/C_/Users/ermer/.pico-sdk/sdk/2.1.1/src/rp2_common/pico_printf/printf.c.obj
 .text._vsnprintf
                0x10003518      0x6b0 CMakeFiles/tarefa3.dir/C_/Users/ermer/.pico-sdk/sdk/2.1.1/src/rp2_common/pico_printf/printf.c.obj
 .text._putchar
                0x10003bc8        0x8 CMakeFiles/tarefa3.dir/C_/Users/ermer/.pico-sdk/sdk/2.1.1/src/rp2_common/pico_printf/printf.c.obj
 .text._out_char
                0x10003bd0        0xe CMakeFiles/tarefa3.dir/C_/Users/ermer/.pico-sdk/sdk/2.1.1/src/rp2_common/pico_printf/printf.c.obj
 *fill*         0x10003bde        0x2 
 .text.__wrap_snprintf
                0x10003be0       0x28 CMakeFiles/tarefa3.dir/C_/Users/ermer/.pico-sdk/sdk/2.1.1/src/rp2_common/pico_printf/printf.c.obj
                0x10003be0                __wrap_snprintf
 .text.vfctprintf
                0x10003c08       0x24 CMakeFiles/tarefa3.dir/C_/Users/ermer/.pico-sdk/sdk/2.1.1/src/rp2_common/pico_printf/printf.c.obj
                0x10003c08                vfctprintf
 .text.weak_raw_vprintf
                0x10003c2c       0x30 CMakeFiles/tarefa3.dir/C_/Users/ermer/.pico-sdk/sdk/2.1.1/src/rp2_common/pico_printf/printf.c.obj
                0x10003c2c                weak_raw_vprintf
 .text._exit    0x10003c5c        0x4 CMakeFiles/tarefa3.dir/C_/Users/ermer/.pico-sdk/sdk/2.1.1/src/rp2_common/pico_clib_interface/newlib_interface.c.obj
                0x10003c5c                _exit
 .text._sbrk    0x10003c60       0x38 CMakeFiles/tarefa3.dir/C_/Users/ermer/.pico-sdk/sdk/2.1.1/src/rp2_common/pico_clib_interface/newlib_interface.c.obj
                0x10003c60                _sbrk
 .text.exit     0x10003c98        0x6 CMakeFiles/tarefa3.dir/C_/Users/ermer/.pico-sdk/sdk/2.1.1/src/rp2_common/pico_clib_interface/newlib_interface.c.obj
                0x10003c98                exit
 *fill*         0x10003c9e        0x2 
 .text.runtime_init
                0x10003ca0       0x20 CMakeFiles/tarefa3.dir/C_/Users/ermer/.pico-sdk/sdk/2.1.1/src/rp2_common/pico_clib_interface/newlib_interface.c.obj
                0x10003ca0                runtime_init
 .text.stdio_out_chars_no_crlf
                0x10003cc0        0xe CMakeFiles/tarefa3.dir/C_/Users/ermer/.pico-sdk/sdk/2.1.1/src/rp2_common/pico_stdio/stdio.c.obj
 *fill*         0x10003cce        0x2 
 .text.stdio_out_chars_crlf
                0x10003cd0       0x80 CMakeFiles/tarefa3.dir/C_/Users/ermer/.pico-sdk/sdk/2.1.1/src/rp2_common/pico_stdio/stdio.c.obj
 .text.stdio_stack_buffer_flush
                0x10003d50       0x44 CMakeFiles/tarefa3.dir/C_/Users/ermer/.pico-sdk/sdk/2.1.1/src/rp2_common/pico_stdio/stdio.c.obj
 .text.stdio_buffered_printer
                0x10003d94       0x20 CMakeFiles/tarefa3.dir/C_/Users/ermer/.pico-sdk/sdk/2.1.1/src/rp2_common/pico_stdio/stdio.c.obj
 .text.stdout_serialize_begin
                0x10003db4       0x30 CMakeFiles/tarefa3.dir/C_/Users/ermer/.pico-sdk/sdk/2.1.1/src/rp2_common/pico_stdio/stdio.c.obj
                0x10003db4                stdout_serialize_begin
 .text.stdout_serialize_end
                0x10003de4       0x10 CMakeFiles/tarefa3.dir/C_/Users/ermer/.pico-sdk/sdk/2.1.1/src/rp2_common/pico_stdio/stdio.c.obj
                0x10003de4                stdout_serialize_end
 .text.stdio_put_string
                0x10003df4       0x94 CMakeFiles/tarefa3.dir/C_/Users/ermer/.pico-sdk/sdk/2.1.1/src/rp2_common/pico_stdio/stdio.c.obj
                0x10003df4                stdio_put_string
 .text.stdio_set_driver_enabled
                0x10003e88       0x30 CMakeFiles/tarefa3.dir/C_/Users/ermer/.pico-sdk/sdk/2.1.1/src/rp2_common/pico_stdio/stdio.c.obj
                0x10003e88                stdio_set_driver_enabled
 .text.stdio_flush
                0x10003eb8       0x20 CMakeFiles/tarefa3.dir/C_/Users/ermer/.pico-sdk/sdk/2.1.1/src/rp2_common/pico_stdio/stdio.c.obj
                0x10003eb8                stdio_flush
 .text.stdio_init_all
                0x10003ed8        0x8 CMakeFiles/tarefa3.dir/C_/Users/ermer/.pico-sdk/sdk/2.1.1/src/rp2_common/pico_stdio/stdio.c.obj
                0x10003ed8                stdio_init_all
 .text.__wrap_putchar
                0x10003ee0       0x1c CMakeFiles/tarefa3.dir/C_/Users/ermer/.pico-sdk/sdk/2.1.1/src/rp2_common/pico_stdio/stdio.c.obj
                0x10003ee0                __wrap_putchar
                0x10003ee0                stdio_putchar
 .text.__wrap_puts
                0x10003efc       0x1e CMakeFiles/tarefa3.dir/C_/Users/ermer/.pico-sdk/sdk/2.1.1/src/rp2_common/pico_stdio/stdio.c.obj
                0x10003efc                stdio_puts
                0x10003efc                __wrap_puts
 *fill*         0x10003f1a        0x2 
 .text.__wrap_vprintf
                0x10003f1c       0x40 CMakeFiles/tarefa3.dir/C_/Users/ermer/.pico-sdk/sdk/2.1.1/src/rp2_common/pico_stdio/stdio.c.obj
                0x10003f1c                stdio_vprintf
                0x10003f1c                __wrap_vprintf
 .text.__wrap_printf
                0x10003f5c       0x18 CMakeFiles/tarefa3.dir/C_/Users/ermer/.pico-sdk/sdk/2.1.1/src/rp2_common/pico_stdio/stdio.c.obj
                0x10003f5c                __wrap_printf
                0x10003f5c                stdio_printf
 .text.resetd_init
                0x10003f74        0x2 CMakeFiles/tarefa3.dir/C_/Users/ermer/.pico-sdk/sdk/2.1.1/src/rp2_common/pico_stdio_usb/reset_interface.c.obj
 *fill*         0x10003f76        0x2 
 .text.resetd_reset
                0x10003f78        0xc CMakeFiles/tarefa3.dir/C_/Users/ermer/.pico-sdk/sdk/2.1.1/src/rp2_common/pico_stdio_usb/reset_interface.c.obj
 .text.resetd_open
                0x10003f84       0x34 CMakeFiles/tarefa3.dir/C_/Users/ermer/.pico-sdk/sdk/2.1.1/src/rp2_common/pico_stdio_usb/reset_interface.c.obj
 .text.resetd_xfer_cb
                0x10003fb8        0x4 CMakeFiles/tarefa3.dir/C_/Users/ermer/.pico-sdk/sdk/2.1.1/src/rp2_common/pico_stdio_usb/reset_interface.c.obj
 .text.resetd_control_xfer_cb
                0x10003fbc       0x60 CMakeFiles/tarefa3.dir/C_/Users/ermer/.pico-sdk/sdk/2.1.1/src/rp2_common/pico_stdio_usb/reset_interface.c.obj
 .text.tud_descriptor_bos_cb
                0x1000401c        0x8 CMakeFiles/tarefa3.dir/C_/Users/ermer/.pico-sdk/sdk/2.1.1/src/rp2_common/pico_stdio_usb/reset_interface.c.obj
                0x1000401c                tud_descriptor_bos_cb
 .text.tud_vendor_control_xfer_cb
                0x10004024       0x38 CMakeFiles/tarefa3.dir/C_/Users/ermer/.pico-sdk/sdk/2.1.1/src/rp2_common/pico_stdio_usb/reset_interface.c.obj
                0x10004024                tud_vendor_control_xfer_cb
 .text.usbd_app_driver_get_cb
                0x1000405c        0xc CMakeFiles/tarefa3.dir/C_/Users/ermer/.pico-sdk/sdk/2.1.1/src/rp2_common/pico_stdio_usb/reset_interface.c.obj
                0x1000405c                usbd_app_driver_get_cb
 .text.tud_cdc_line_coding_cb
                0x10004068       0x2c CMakeFiles/tarefa3.dir/C_/Users/ermer/.pico-sdk/sdk/2.1.1/src/rp2_common/pico_stdio_usb/reset_interface.c.obj
                0x10004068                tud_cdc_line_coding_cb
 .text.stdio_usb_set_chars_available_callback
                0x10004094       0x14 CMakeFiles/tarefa3.dir/C_/Users/ermer/.pico-sdk/sdk/2.1.1/src/rp2_common/pico_stdio_usb/stdio_usb.c.obj
                0x10004094                stdio_usb_set_chars_available_callback
 .text.stdio_usb_out_flush
                0x100040a8       0x4c CMakeFiles/tarefa3.dir/C_/Users/ermer/.pico-sdk/sdk/2.1.1/src/rp2_common/pico_stdio_usb/stdio_usb.c.obj
 .text.usb_irq  0x100040f4       0x10 CMakeFiles/tarefa3.dir/C_/Users/ermer/.pico-sdk/sdk/2.1.1/src/rp2_common/pico_stdio_usb/stdio_usb.c.obj
 .text.critical_section_enter_blocking
                0x10004104       0x16 CMakeFiles/tarefa3.dir/C_/Users/ermer/.pico-sdk/sdk/2.1.1/src/rp2_common/pico_stdio_usb/stdio_usb.c.obj
 *fill*         0x1000411a        0x2 
 .text.timer_task
                0x1000411c       0x60 CMakeFiles/tarefa3.dir/C_/Users/ermer/.pico-sdk/sdk/2.1.1/src/rp2_common/pico_stdio_usb/stdio_usb.c.obj
 .text.alarm_pool_add_alarm_in_us
                0x1000417c       0x40 CMakeFiles/tarefa3.dir/C_/Users/ermer/.pico-sdk/sdk/2.1.1/src/rp2_common/pico_stdio_usb/stdio_usb.c.obj
 .text.add_alarm_in_us
                0x100041bc       0x2e CMakeFiles/tarefa3.dir/C_/Users/ermer/.pico-sdk/sdk/2.1.1/src/rp2_common/pico_stdio_usb/stdio_usb.c.obj
 *fill*         0x100041ea        0x2 
 .text.low_priority_worker_irq
                0x100041ec       0x9c CMakeFiles/tarefa3.dir/C_/Users/ermer/.pico-sdk/sdk/2.1.1/src/rp2_common/pico_stdio_usb/stdio_usb.c.obj
 .text.stdio_usb_init
                0x10004288       0xcc CMakeFiles/tarefa3.dir/C_/Users/ermer/.pico-sdk/sdk/2.1.1/src/rp2_common/pico_stdio_usb/stdio_usb.c.obj
                0x10004288                stdio_usb_init
 .text.stdio_usb_connected
                0x10004354        0xa CMakeFiles/tarefa3.dir/C_/Users/ermer/.pico-sdk/sdk/2.1.1/src/rp2_common/pico_stdio_usb/stdio_usb.c.obj
                0x10004354                stdio_usb_connected
 *fill*         0x1000435e        0x2 
 .text.stdio_usb_in_chars
                0x10004360       0x98 CMakeFiles/tarefa3.dir/C_/Users/ermer/.pico-sdk/sdk/2.1.1/src/rp2_common/pico_stdio_usb/stdio_usb.c.obj
                0x10004360                stdio_usb_in_chars
 .text.stdio_usb_out_chars
                0x100043f8       0xe8 CMakeFiles/tarefa3.dir/C_/Users/ermer/.pico-sdk/sdk/2.1.1/src/rp2_common/pico_stdio_usb/stdio_usb.c.obj
 .text.tud_descriptor_device_cb
                0x100044e0        0x8 CMakeFiles/tarefa3.dir/C_/Users/ermer/.pico-sdk/sdk/2.1.1/src/rp2_common/pico_stdio_usb/stdio_usb_descriptors.c.obj
                0x100044e0                tud_descriptor_device_cb
 .text.tud_descriptor_configuration_cb
                0x100044e8        0x8 CMakeFiles/tarefa3.dir/C_/Users/ermer/.pico-sdk/sdk/2.1.1/src/rp2_common/pico_stdio_usb/stdio_usb_descriptors.c.obj
                0x100044e8                tud_descriptor_configuration_cb
 .text.tud_descriptor_string_cb
                0x100044f0       0x6c CMakeFiles/tarefa3.dir/C_/Users/ermer/.pico-sdk/sdk/2.1.1/src/rp2_common/pico_stdio_usb/stdio_usb_descriptors.c.obj
                0x100044f0                tud_descriptor_string_cb
 .text._retrieve_unique_id_on_boot
                0x1000455c       0x10 CMakeFiles/tarefa3.dir/C_/Users/ermer/.pico-sdk/sdk/2.1.1/src/rp2_common/pico_unique_id/unique_id.c.obj
 .text.pico_get_unique_board_id
                0x1000456c       0x10 CMakeFiles/tarefa3.dir/C_/Users/ermer/.pico-sdk/sdk/2.1.1/src/rp2_common/pico_unique_id/unique_id.c.obj
                0x1000456c                pico_get_unique_board_id
 .text.pico_get_unique_board_id_string
                0x1000457c       0x3c CMakeFiles/tarefa3.dir/C_/Users/ermer/.pico-sdk/sdk/2.1.1/src/rp2_common/pico_unique_id/unique_id.c.obj
                0x1000457c                pico_get_unique_board_id_string
 .text.flash_get_unique_id
                0x100045b8       0x40 CMakeFiles/tarefa3.dir/C_/Users/ermer/.pico-sdk/sdk/2.1.1/src/rp2_common/hardware_flash/flash.c.obj
                0x100045b8                flash_get_unique_id
 .text.hw_endpoint_init
                0x100045f8       0xc0 CMakeFiles/tarefa3.dir/C_/Users/ermer/.pico-sdk/sdk/2.1.1/lib/tinyusb/src/portable/raspberrypi/rp2040/dcd_rp2040.c.obj
 .text.hw_endpoint_alloc
                0x100046b8       0x34 CMakeFiles/tarefa3.dir/C_/Users/ermer/.pico-sdk/sdk/2.1.1/lib/tinyusb/src/portable/raspberrypi/rp2040/dcd_rp2040.c.obj
 .text.hw_endpoint_open
                0x100046ec       0x50 CMakeFiles/tarefa3.dir/C_/Users/ermer/.pico-sdk/sdk/2.1.1/lib/tinyusb/src/portable/raspberrypi/rp2040/dcd_rp2040.c.obj
 .text.hw_endpoint_xfer
                0x1000473c       0x20 CMakeFiles/tarefa3.dir/C_/Users/ermer/.pico-sdk/sdk/2.1.1/lib/tinyusb/src/portable/raspberrypi/rp2040/dcd_rp2040.c.obj
 .text.dcd_int_enable
                0x1000475c        0xc CMakeFiles/tarefa3.dir/C_/Users/ermer/.pico-sdk/sdk/2.1.1/lib/tinyusb/src/portable/raspberrypi/rp2040/dcd_rp2040.c.obj
                0x1000475c                dcd_int_enable
 .text.dcd_set_address
                0x10004768        0xe CMakeFiles/tarefa3.dir/C_/Users/ermer/.pico-sdk/sdk/2.1.1/lib/tinyusb/src/portable/raspberrypi/rp2040/dcd_rp2040.c.obj
                0x10004768                dcd_set_address
 *fill*         0x10004776        0x2 
 .text.dcd_connect
                0x10004778       0x10 CMakeFiles/tarefa3.dir/C_/Users/ermer/.pico-sdk/sdk/2.1.1/lib/tinyusb/src/portable/raspberrypi/rp2040/dcd_rp2040.c.obj
                0x10004778                dcd_connect
 .text.dcd_init
                0x10004788       0x64 CMakeFiles/tarefa3.dir/C_/Users/ermer/.pico-sdk/sdk/2.1.1/lib/tinyusb/src/portable/raspberrypi/rp2040/dcd_rp2040.c.obj
                0x10004788                dcd_init
 .text.dcd_sof_enable
                0x100047ec       0x1c CMakeFiles/tarefa3.dir/C_/Users/ermer/.pico-sdk/sdk/2.1.1/lib/tinyusb/src/portable/raspberrypi/rp2040/dcd_rp2040.c.obj
                0x100047ec                dcd_sof_enable
 .text.dcd_edpt0_status_complete
                0x10004808       0x1c CMakeFiles/tarefa3.dir/C_/Users/ermer/.pico-sdk/sdk/2.1.1/lib/tinyusb/src/portable/raspberrypi/rp2040/dcd_rp2040.c.obj
                0x10004808                dcd_edpt0_status_complete
 .text.dcd_edpt_open
                0x10004824       0x26 CMakeFiles/tarefa3.dir/C_/Users/ermer/.pico-sdk/sdk/2.1.1/lib/tinyusb/src/portable/raspberrypi/rp2040/dcd_rp2040.c.obj
                0x10004824                dcd_edpt_open
 .text.dcd_edpt_close_all
                0x1000484a        0x8 CMakeFiles/tarefa3.dir/C_/Users/ermer/.pico-sdk/sdk/2.1.1/lib/tinyusb/src/portable/raspberrypi/rp2040/dcd_rp2040.c.obj
                0x1000484a                dcd_edpt_close_all
 .text.dcd_edpt_xfer
                0x10004852       0x10 CMakeFiles/tarefa3.dir/C_/Users/ermer/.pico-sdk/sdk/2.1.1/lib/tinyusb/src/portable/raspberrypi/rp2040/dcd_rp2040.c.obj
                0x10004852                dcd_edpt_xfer
 *fill*         0x10004862        0x2 
 .text.dcd_edpt_stall
                0x10004864       0x3c CMakeFiles/tarefa3.dir/C_/Users/ermer/.pico-sdk/sdk/2.1.1/lib/tinyusb/src/portable/raspberrypi/rp2040/dcd_rp2040.c.obj
                0x10004864                dcd_edpt_stall
 .text.dcd_edpt_clear_stall
                0x100048a0       0x30 CMakeFiles/tarefa3.dir/C_/Users/ermer/.pico-sdk/sdk/2.1.1/lib/tinyusb/src/portable/raspberrypi/rp2040/dcd_rp2040.c.obj
                0x100048a0                dcd_edpt_clear_stall
 .text.unaligned_memcpy
                0x100048d0       0x14 CMakeFiles/tarefa3.dir/C_/Users/ermer/.pico-sdk/sdk/2.1.1/lib/tinyusb/src/portable/raspberrypi/rp2040/rp2040_usb.c.obj
 .text.rp2040_usb_init
                0x100048e4       0x44 CMakeFiles/tarefa3.dir/C_/Users/ermer/.pico-sdk/sdk/2.1.1/lib/tinyusb/src/portable/raspberrypi/rp2040/rp2040_usb.c.obj
                0x100048e4                rp2040_usb_init
 .text.hw_endpoint_xfer_start
                0x10004928       0x60 CMakeFiles/tarefa3.dir/C_/Users/ermer/.pico-sdk/sdk/2.1.1/lib/tinyusb/src/portable/raspberrypi/rp2040/rp2040_usb.c.obj
                0x10004928                hw_endpoint_xfer_start
 .text.configuration_reset
                0x10004988       0x84 CMakeFiles/tarefa3.dir/C_/Users/ermer/.pico-sdk/sdk/2.1.1/lib/tinyusb/src/device/usbd.c.obj
 .text.critical_section_enter_blocking
                0x10004a0c       0x16 CMakeFiles/tarefa3.dir/C_/Users/ermer/.pico-sdk/sdk/2.1.1/lib/tinyusb/src/device/usbd.c.obj
 .text.usbd_reset
                0x10004a22        0xc CMakeFiles/tarefa3.dir/C_/Users/ermer/.pico-sdk/sdk/2.1.1/lib/tinyusb/src/device/usbd.c.obj
 .text.invoke_class_control
                0x10004a2e       0x1a CMakeFiles/tarefa3.dir/C_/Users/ermer/.pico-sdk/sdk/2.1.1/lib/tinyusb/src/device/usbd.c.obj
 .text.process_set_config
                0x10004a48      0x1b0 CMakeFiles/tarefa3.dir/C_/Users/ermer/.pico-sdk/sdk/2.1.1/lib/tinyusb/src/device/usbd.c.obj
 .text.tud_event_hook_cb
                0x10004bf8        0x2 CMakeFiles/tarefa3.dir/C_/Users/ermer/.pico-sdk/sdk/2.1.1/lib/tinyusb/src/device/usbd.c.obj
                0x10004bf8                tud_event_hook_cb
 .text.tud_sof_cb
                0x10004bfa        0x2 CMakeFiles/tarefa3.dir/C_/Users/ermer/.pico-sdk/sdk/2.1.1/lib/tinyusb/src/device/usbd.c.obj
                0x10004bfa                tud_sof_cb
 .text.tud_descriptor_device_qualifier_cb
                0x10004bfc        0x4 CMakeFiles/tarefa3.dir/C_/Users/ermer/.pico-sdk/sdk/2.1.1/lib/tinyusb/src/device/usbd.c.obj
                0x10004bfc                tud_descriptor_device_qualifier_cb
 .text.tud_descriptor_other_speed_configuration_cb
                0x10004c00        0x4 CMakeFiles/tarefa3.dir/C_/Users/ermer/.pico-sdk/sdk/2.1.1/lib/tinyusb/src/device/usbd.c.obj
                0x10004c00                tud_descriptor_other_speed_configuration_cb
 .text.process_get_descriptor
                0x10004c04       0xe0 CMakeFiles/tarefa3.dir/C_/Users/ermer/.pico-sdk/sdk/2.1.1/lib/tinyusb/src/device/usbd.c.obj
 .text.tud_mount_cb
                0x10004ce4        0x2 CMakeFiles/tarefa3.dir/C_/Users/ermer/.pico-sdk/sdk/2.1.1/lib/tinyusb/src/device/usbd.c.obj
                0x10004ce4                tud_mount_cb
 .text.tud_umount_cb
                0x10004ce6        0x2 CMakeFiles/tarefa3.dir/C_/Users/ermer/.pico-sdk/sdk/2.1.1/lib/tinyusb/src/device/usbd.c.obj
                0x10004ce6                tud_umount_cb
 .text.tud_suspend_cb
                0x10004ce8        0x2 CMakeFiles/tarefa3.dir/C_/Users/ermer/.pico-sdk/sdk/2.1.1/lib/tinyusb/src/device/usbd.c.obj
                0x10004ce8                tud_suspend_cb
 .text.tud_resume_cb
                0x10004cea        0x2 CMakeFiles/tarefa3.dir/C_/Users/ermer/.pico-sdk/sdk/2.1.1/lib/tinyusb/src/device/usbd.c.obj
                0x10004cea                tud_resume_cb
 .text.tud_mounted
                0x10004cec       0x10 CMakeFiles/tarefa3.dir/C_/Users/ermer/.pico-sdk/sdk/2.1.1/lib/tinyusb/src/device/usbd.c.obj
                0x10004cec                tud_mounted
 .text.tud_suspended
                0x10004cfc       0x10 CMakeFiles/tarefa3.dir/C_/Users/ermer/.pico-sdk/sdk/2.1.1/lib/tinyusb/src/device/usbd.c.obj
                0x10004cfc                tud_suspended
 .text.tud_inited
                0x10004d0c       0x14 CMakeFiles/tarefa3.dir/C_/Users/ermer/.pico-sdk/sdk/2.1.1/lib/tinyusb/src/device/usbd.c.obj
                0x10004d0c                tud_inited
 .text.tud_rhport_init
                0x10004d20      0x100 CMakeFiles/tarefa3.dir/C_/Users/ermer/.pico-sdk/sdk/2.1.1/lib/tinyusb/src/device/usbd.c.obj
                0x10004d20                tud_rhport_init
 .text.usbd_edpt_open
                0x10004e20       0x60 CMakeFiles/tarefa3.dir/C_/Users/ermer/.pico-sdk/sdk/2.1.1/lib/tinyusb/src/device/usbd.c.obj
                0x10004e20                usbd_edpt_open
 .text.usbd_open_edpt_pair
                0x10004e80       0x88 CMakeFiles/tarefa3.dir/C_/Users/ermer/.pico-sdk/sdk/2.1.1/lib/tinyusb/src/device/usbd.c.obj
                0x10004e80                usbd_open_edpt_pair
 .text.usbd_edpt_claim
                0x10004f08       0x28 CMakeFiles/tarefa3.dir/C_/Users/ermer/.pico-sdk/sdk/2.1.1/lib/tinyusb/src/device/usbd.c.obj
                0x10004f08                usbd_edpt_claim
 .text.usbd_edpt_release
                0x10004f30       0x28 CMakeFiles/tarefa3.dir/C_/Users/ermer/.pico-sdk/sdk/2.1.1/lib/tinyusb/src/device/usbd.c.obj
                0x10004f30                usbd_edpt_release
 .text.usbd_edpt_xfer
                0x10004f58       0x88 CMakeFiles/tarefa3.dir/C_/Users/ermer/.pico-sdk/sdk/2.1.1/lib/tinyusb/src/device/usbd.c.obj
                0x10004f58                usbd_edpt_xfer
 .text.usbd_edpt_stall
                0x10004fe0       0x34 CMakeFiles/tarefa3.dir/C_/Users/ermer/.pico-sdk/sdk/2.1.1/lib/tinyusb/src/device/usbd.c.obj
                0x10004fe0                usbd_edpt_stall
 .text.usbd_edpt_clear_stall
                0x10005014       0x34 CMakeFiles/tarefa3.dir/C_/Users/ermer/.pico-sdk/sdk/2.1.1/lib/tinyusb/src/device/usbd.c.obj
                0x10005014                usbd_edpt_clear_stall
 .text.usbd_edpt_stalled
                0x10005048       0x1c CMakeFiles/tarefa3.dir/C_/Users/ermer/.pico-sdk/sdk/2.1.1/lib/tinyusb/src/device/usbd.c.obj
                0x10005048                usbd_edpt_stalled
 .text.process_control_request
                0x10005064      0x384 CMakeFiles/tarefa3.dir/C_/Users/ermer/.pico-sdk/sdk/2.1.1/lib/tinyusb/src/device/usbd.c.obj
 .text.tud_task_ext
                0x100053e8      0x1c4 CMakeFiles/tarefa3.dir/C_/Users/ermer/.pico-sdk/sdk/2.1.1/lib/tinyusb/src/device/usbd.c.obj
                0x100053e8                tud_task_ext
 .text.status_stage_xact
                0x100055ac       0x1a CMakeFiles/tarefa3.dir/C_/Users/ermer/.pico-sdk/sdk/2.1.1/lib/tinyusb/src/device/usbd_control.c.obj
 *fill*         0x100055c6        0x2 
 .text.data_stage_xact
                0x100055c8       0x60 CMakeFiles/tarefa3.dir/C_/Users/ermer/.pico-sdk/sdk/2.1.1/lib/tinyusb/src/device/usbd_control.c.obj
 .text.tud_control_status
                0x10005628       0x28 CMakeFiles/tarefa3.dir/C_/Users/ermer/.pico-sdk/sdk/2.1.1/lib/tinyusb/src/device/usbd_control.c.obj
                0x10005628                tud_control_status
 .text.tud_control_xfer
                0x10005650       0x98 CMakeFiles/tarefa3.dir/C_/Users/ermer/.pico-sdk/sdk/2.1.1/lib/tinyusb/src/device/usbd_control.c.obj
                0x10005650                tud_control_xfer
 .text.usbd_control_reset
                0x100056e8       0x14 CMakeFiles/tarefa3.dir/C_/Users/ermer/.pico-sdk/sdk/2.1.1/lib/tinyusb/src/device/usbd_control.c.obj
                0x100056e8                usbd_control_reset
 .text.usbd_control_set_complete_callback
                0x100056fc        0xc CMakeFiles/tarefa3.dir/C_/Users/ermer/.pico-sdk/sdk/2.1.1/lib/tinyusb/src/device/usbd_control.c.obj
                0x100056fc                usbd_control_set_complete_callback
 .text.usbd_control_set_request
                0x10005708       0x1c CMakeFiles/tarefa3.dir/C_/Users/ermer/.pico-sdk/sdk/2.1.1/lib/tinyusb/src/device/usbd_control.c.obj
                0x10005708                usbd_control_set_request
 .text.usbd_control_xfer_cb
                0x10005724       0xe0 CMakeFiles/tarefa3.dir/C_/Users/ermer/.pico-sdk/sdk/2.1.1/lib/tinyusb/src/device/usbd_control.c.obj
                0x10005724                usbd_control_xfer_cb
 .text._prep_out_transaction
                0x10005804       0x94 CMakeFiles/tarefa3.dir/C_/Users/ermer/.pico-sdk/sdk/2.1.1/lib/tinyusb/src/class/cdc/cdc_device.c.obj
 .text.tud_cdc_n_connected
                0x10005898       0x38 CMakeFiles/tarefa3.dir/C_/Users/ermer/.pico-sdk/sdk/2.1.1/lib/tinyusb/src/class/cdc/cdc_device.c.obj
                0x10005898                tud_cdc_n_connected
 .text.tud_cdc_n_available
                0x100058d0       0x18 CMakeFiles/tarefa3.dir/C_/Users/ermer/.pico-sdk/sdk/2.1.1/lib/tinyusb/src/class/cdc/cdc_device.c.obj
                0x100058d0                tud_cdc_n_available
 .text.tud_cdc_n_read
                0x100058e8       0x38 CMakeFiles/tarefa3.dir/C_/Users/ermer/.pico-sdk/sdk/2.1.1/lib/tinyusb/src/class/cdc/cdc_device.c.obj
                0x100058e8                tud_cdc_n_read
 .text.tud_cdc_n_write_flush
                0x10005920       0xb0 CMakeFiles/tarefa3.dir/C_/Users/ermer/.pico-sdk/sdk/2.1.1/lib/tinyusb/src/class/cdc/cdc_device.c.obj
                0x10005920                tud_cdc_n_write_flush
 .text.tud_cdc_n_write
                0x100059d0       0x48 CMakeFiles/tarefa3.dir/C_/Users/ermer/.pico-sdk/sdk/2.1.1/lib/tinyusb/src/class/cdc/cdc_device.c.obj
                0x100059d0                tud_cdc_n_write
 .text.tud_cdc_n_write_available
                0x10005a18       0x18 CMakeFiles/tarefa3.dir/C_/Users/ermer/.pico-sdk/sdk/2.1.1/lib/tinyusb/src/class/cdc/cdc_device.c.obj
                0x10005a18                tud_cdc_n_write_available
 .text.cdcd_init
                0x10005a30       0xac CMakeFiles/tarefa3.dir/C_/Users/ermer/.pico-sdk/sdk/2.1.1/lib/tinyusb/src/class/cdc/cdc_device.c.obj
                0x10005a30                cdcd_init
 .text.cdcd_deinit
                0x10005adc       0x48 CMakeFiles/tarefa3.dir/C_/Users/ermer/.pico-sdk/sdk/2.1.1/lib/tinyusb/src/class/cdc/cdc_device.c.obj
                0x10005adc                cdcd_deinit
 .text.cdcd_reset
                0x10005b24       0x70 CMakeFiles/tarefa3.dir/C_/Users/ermer/.pico-sdk/sdk/2.1.1/lib/tinyusb/src/class/cdc/cdc_device.c.obj
                0x10005b24                cdcd_reset
 .text.cdcd_open
                0x10005b94       0xec CMakeFiles/tarefa3.dir/C_/Users/ermer/.pico-sdk/sdk/2.1.1/lib/tinyusb/src/class/cdc/cdc_device.c.obj
                0x10005b94                cdcd_open
 .text.cdcd_control_xfer_cb
                0x10005c80      0x13c CMakeFiles/tarefa3.dir/C_/Users/ermer/.pico-sdk/sdk/2.1.1/lib/tinyusb/src/class/cdc/cdc_device.c.obj
                0x10005c80                cdcd_control_xfer_cb
 .text.cdcd_xfer_cb
                0x10005dbc      0x148 CMakeFiles/tarefa3.dir/C_/Users/ermer/.pico-sdk/sdk/2.1.1/lib/tinyusb/src/class/cdc/cdc_device.c.obj
                0x10005dbc                cdcd_xfer_cb
 .text.tud_vendor_n_mounted
                0x10005f04       0x3c CMakeFiles/tarefa3.dir/C_/Users/ermer/.pico-sdk/sdk/2.1.1/lib/tinyusb/src/class/vendor/vendor_device.c.obj
                0x10005f04                tud_vendor_n_mounted
 .text.tud_vendor_n_write_flush
                0x10005f40       0x20 CMakeFiles/tarefa3.dir/C_/Users/ermer/.pico-sdk/sdk/2.1.1/lib/tinyusb/src/class/vendor/vendor_device.c.obj
                0x10005f40                tud_vendor_n_write_flush
 .text.vendord_init
                0x10005f60       0x9c CMakeFiles/tarefa3.dir/C_/Users/ermer/.pico-sdk/sdk/2.1.1/lib/tinyusb/src/class/vendor/vendor_device.c.obj
                0x10005f60                vendord_init
 .text.vendord_deinit
                0x10005ffc       0x34 CMakeFiles/tarefa3.dir/C_/Users/ermer/.pico-sdk/sdk/2.1.1/lib/tinyusb/src/class/vendor/vendor_device.c.obj
                0x10005ffc                vendord_deinit
 .text.vendord_reset
                0x10006030       0x50 CMakeFiles/tarefa3.dir/C_/Users/ermer/.pico-sdk/sdk/2.1.1/lib/tinyusb/src/class/vendor/vendor_device.c.obj
                0x10006030                vendord_reset
 .text.vendord_open
                0x10006080      0x14c CMakeFiles/tarefa3.dir/C_/Users/ermer/.pico-sdk/sdk/2.1.1/lib/tinyusb/src/class/vendor/vendor_device.c.obj
                0x10006080                vendord_open
 .text.vendord_xfer_cb
                0x100061cc       0xd8 CMakeFiles/tarefa3.dir/C_/Users/ermer/.pico-sdk/sdk/2.1.1/lib/tinyusb/src/class/vendor/vendor_device.c.obj
                0x100061cc                vendord_xfer_cb
 .text.tusb_rhport_init
                0x100062a4       0x78 CMakeFiles/tarefa3.dir/C_/Users/ermer/.pico-sdk/sdk/2.1.1/lib/tinyusb/src/tusb.c.obj
                0x100062a4                tusb_rhport_init
 .text.tu_edpt_claim
                0x1000631c       0x50 CMakeFiles/tarefa3.dir/C_/Users/ermer/.pico-sdk/sdk/2.1.1/lib/tinyusb/src/tusb.c.obj
                0x1000631c                tu_edpt_claim
 .text.tu_edpt_release
                0x1000636c       0x38 CMakeFiles/tarefa3.dir/C_/Users/ermer/.pico-sdk/sdk/2.1.1/lib/tinyusb/src/tusb.c.obj
                0x1000636c                tu_edpt_release
 .text.tu_edpt_validate
                0x100063a4       0xac CMakeFiles/tarefa3.dir/C_/Users/ermer/.pico-sdk/sdk/2.1.1/lib/tinyusb/src/tusb.c.obj
                0x100063a4                tu_edpt_validate
 .text.tu_edpt_bind_driver
                0x10006450       0x26 CMakeFiles/tarefa3.dir/C_/Users/ermer/.pico-sdk/sdk/2.1.1/lib/tinyusb/src/tusb.c.obj
                0x10006450                tu_edpt_bind_driver
 .text.tu_edpt_stream_init
                0x10006476       0x62 CMakeFiles/tarefa3.dir/C_/Users/ermer/.pico-sdk/sdk/2.1.1/lib/tinyusb/src/tusb.c.obj
                0x10006476                tu_edpt_stream_init
 .text.tu_edpt_stream_deinit
                0x100064d8        0x4 CMakeFiles/tarefa3.dir/C_/Users/ermer/.pico-sdk/sdk/2.1.1/lib/tinyusb/src/tusb.c.obj
                0x100064d8                tu_edpt_stream_deinit
 .text.tu_edpt_stream_write_zlp_if_needed
                0x100064dc       0x80 CMakeFiles/tarefa3.dir/C_/Users/ermer/.pico-sdk/sdk/2.1.1/lib/tinyusb/src/tusb.c.obj
                0x100064dc                tu_edpt_stream_write_zlp_if_needed
 .text.tu_edpt_stream_write_xfer
                0x1000655c       0x84 CMakeFiles/tarefa3.dir/C_/Users/ermer/.pico-sdk/sdk/2.1.1/lib/tinyusb/src/tusb.c.obj
                0x1000655c                tu_edpt_stream_write_xfer
 .text.tu_edpt_stream_read_xfer
                0x100065e0       0xf4 CMakeFiles/tarefa3.dir/C_/Users/ermer/.pico-sdk/sdk/2.1.1/lib/tinyusb/src/tusb.c.obj
                0x100065e0                tu_edpt_stream_read_xfer
 .text.advance_index
                0x100066d4       0x1a CMakeFiles/tarefa3.dir/C_/Users/ermer/.pico-sdk/sdk/2.1.1/lib/tinyusb/src/common/tusb_fifo.c.obj
 .text._tu_fifo_peek
                0x100066ee       0x56 CMakeFiles/tarefa3.dir/C_/Users/ermer/.pico-sdk/sdk/2.1.1/lib/tinyusb/src/common/tusb_fifo.c.obj
 .text._ff_pull_n
                0x10006744       0x68 CMakeFiles/tarefa3.dir/C_/Users/ermer/.pico-sdk/sdk/2.1.1/lib/tinyusb/src/common/tusb_fifo.c.obj
 .text._tu_fifo_peek_n
                0x100067ac       0x6a CMakeFiles/tarefa3.dir/C_/Users/ermer/.pico-sdk/sdk/2.1.1/lib/tinyusb/src/common/tusb_fifo.c.obj
 .text._tu_fifo_read_n
                0x10006816       0x4e CMakeFiles/tarefa3.dir/C_/Users/ermer/.pico-sdk/sdk/2.1.1/lib/tinyusb/src/common/tusb_fifo.c.obj
 .text._ff_push_n
                0x10006864       0x68 CMakeFiles/tarefa3.dir/C_/Users/ermer/.pico-sdk/sdk/2.1.1/lib/tinyusb/src/common/tusb_fifo.c.obj
 .text._tu_fifo_write_n
                0x100068cc       0xf0 CMakeFiles/tarefa3.dir/C_/Users/ermer/.pico-sdk/sdk/2.1.1/lib/tinyusb/src/common/tusb_fifo.c.obj
 .text.tu_fifo_config
                0x100069bc       0x7c CMakeFiles/tarefa3.dir/C_/Users/ermer/.pico-sdk/sdk/2.1.1/lib/tinyusb/src/common/tusb_fifo.c.obj
                0x100069bc                tu_fifo_config
 .text.tu_fifo_count
                0x10006a38       0x2c CMakeFiles/tarefa3.dir/C_/Users/ermer/.pico-sdk/sdk/2.1.1/lib/tinyusb/src/common/tusb_fifo.c.obj
                0x10006a38                tu_fifo_count
 .text.tu_fifo_empty
                0x10006a64        0xe CMakeFiles/tarefa3.dir/C_/Users/ermer/.pico-sdk/sdk/2.1.1/lib/tinyusb/src/common/tusb_fifo.c.obj
                0x10006a64                tu_fifo_empty
 .text.tu_fifo_full
                0x10006a72       0x2a CMakeFiles/tarefa3.dir/C_/Users/ermer/.pico-sdk/sdk/2.1.1/lib/tinyusb/src/common/tusb_fifo.c.obj
                0x10006a72                tu_fifo_full
 .text.tu_fifo_remaining
                0x10006a9c       0x2e CMakeFiles/tarefa3.dir/C_/Users/ermer/.pico-sdk/sdk/2.1.1/lib/tinyusb/src/common/tusb_fifo.c.obj
                0x10006a9c                tu_fifo_remaining
 .text.tu_fifo_read
                0x10006aca       0x42 CMakeFiles/tarefa3.dir/C_/Users/ermer/.pico-sdk/sdk/2.1.1/lib/tinyusb/src/common/tusb_fifo.c.obj
                0x10006aca                tu_fifo_read
 .text.tu_fifo_read_n
                0x10006b0c        0xa CMakeFiles/tarefa3.dir/C_/Users/ermer/.pico-sdk/sdk/2.1.1/lib/tinyusb/src/common/tusb_fifo.c.obj
                0x10006b0c                tu_fifo_read_n
 .text.tu_fifo_write
                0x10006b16       0x64 CMakeFiles/tarefa3.dir/C_/Users/ermer/.pico-sdk/sdk/2.1.1/lib/tinyusb/src/common/tusb_fifo.c.obj
                0x10006b16                tu_fifo_write
 .text.tu_fifo_write_n
                0x10006b7a        0xa CMakeFiles/tarefa3.dir/C_/Users/ermer/.pico-sdk/sdk/2.1.1/lib/tinyusb/src/common/tusb_fifo.c.obj
                0x10006b7a                tu_fifo_write_n
 .text.tu_fifo_clear
                0x10006b84       0x3e CMakeFiles/tarefa3.dir/C_/Users/ermer/.pico-sdk/sdk/2.1.1/lib/tinyusb/src/common/tusb_fifo.c.obj
                0x10006b84                tu_fifo_clear
 .text.tu_fifo_set_overwritable
                0x10006bc2       0x46 CMakeFiles/tarefa3.dir/C_/Users/ermer/.pico-sdk/sdk/2.1.1/lib/tinyusb/src/common/tusb_fifo.c.obj
                0x10006bc2                tu_fifo_set_overwritable
 .text.vPortSVCHandler
                0x10006c08        0x2 CMakeFiles/tarefa3.dir/C_/Users/ermer/Downloads/FreeRTOSv202406.01-LTS/FreeRTOS-LTS/FreeRTOS/FreeRTOS-Kernel/portable/ThirdParty/GCC/RP2040/port.c.obj
                0x10006c08                vPortSVCHandler
 *fill*         0x10006c0a        0x6 
 .text.vPortStartFirstTask
                0x10006c10       0x34 CMakeFiles/tarefa3.dir/C_/Users/ermer/Downloads/FreeRTOSv202406.01-LTS/FreeRTOS-LTS/FreeRTOS/FreeRTOS-Kernel/portable/ThirdParty/GCC/RP2040/port.c.obj
 *fill*         0x10006c44        0xc 
 .text.xPortPendSVHandler
                0x10006c50       0x64 CMakeFiles/tarefa3.dir/C_/Users/ermer/Downloads/FreeRTOSv202406.01-LTS/FreeRTOS-LTS/FreeRTOS/FreeRTOS-Kernel/portable/ThirdParty/GCC/RP2040/port.c.obj
                0x10006c50                xPortPendSVHandler
 .text.prvTaskExitError
                0x10006cb4        0x6 CMakeFiles/tarefa3.dir/C_/Users/ermer/Downloads/FreeRTOSv202406.01-LTS/FreeRTOS-LTS/FreeRTOS/FreeRTOS-Kernel/portable/ThirdParty/GCC/RP2040/port.c.obj
 *fill*         0x10006cba        0x2 
 .text.prvFIFOInterruptHandler
                0x10006cbc       0x78 CMakeFiles/tarefa3.dir/C_/Users/ermer/Downloads/FreeRTOSv202406.01-LTS/FreeRTOS-LTS/FreeRTOS/FreeRTOS-Kernel/portable/ThirdParty/GCC/RP2040/port.c.obj
 .text.prvGetTicksToWaitBefore
                0x10006d34       0x40 CMakeFiles/tarefa3.dir/C_/Users/ermer/Downloads/FreeRTOSv202406.01-LTS/FreeRTOS-LTS/FreeRTOS/FreeRTOS-Kernel/portable/ThirdParty/GCC/RP2040/port.c.obj
 .text.pxPortInitialiseStack
                0x10006d74       0x24 CMakeFiles/tarefa3.dir/C_/Users/ermer/Downloads/FreeRTOSv202406.01-LTS/FreeRTOS-LTS/FreeRTOS/FreeRTOS-Kernel/portable/ThirdParty/GCC/RP2040/port.c.obj
                0x10006d74                pxPortInitialiseStack
 .text.vPortYield
                0x10006d98       0x18 CMakeFiles/tarefa3.dir/C_/Users/ermer/Downloads/FreeRTOSv202406.01-LTS/FreeRTOS-LTS/FreeRTOS/FreeRTOS-Kernel/portable/ThirdParty/GCC/RP2040/port.c.obj
                0x10006d98                vPortYield
 .text.vPortEnterCritical
                0x10006db0       0x18 CMakeFiles/tarefa3.dir/C_/Users/ermer/Downloads/FreeRTOSv202406.01-LTS/FreeRTOS-LTS/FreeRTOS/FreeRTOS-Kernel/portable/ThirdParty/GCC/RP2040/port.c.obj
                0x10006db0                vPortEnterCritical
 .text.vPortEnableInterrupts
                0x10006dc8       0x28 CMakeFiles/tarefa3.dir/C_/Users/ermer/Downloads/FreeRTOSv202406.01-LTS/FreeRTOS-LTS/FreeRTOS/FreeRTOS-Kernel/portable/ThirdParty/GCC/RP2040/port.c.obj
                0x10006dc8                vPortEnableInterrupts
 .text.vPortExitCritical
                0x10006df0       0x1c CMakeFiles/tarefa3.dir/C_/Users/ermer/Downloads/FreeRTOSv202406.01-LTS/FreeRTOS-LTS/FreeRTOS/FreeRTOS-Kernel/portable/ThirdParty/GCC/RP2040/port.c.obj
                0x10006df0                vPortExitCritical
 .text.ulSetInterruptMaskFromISR
                0x10006e0c        0x8 CMakeFiles/tarefa3.dir/C_/Users/ermer/Downloads/FreeRTOSv202406.01-LTS/FreeRTOS-LTS/FreeRTOS/FreeRTOS-Kernel/portable/ThirdParty/GCC/RP2040/port.c.obj
                0x10006e0c                ulSetInterruptMaskFromISR
 .text.vClearInterruptMaskFromISR
                0x10006e14        0x6 CMakeFiles/tarefa3.dir/C_/Users/ermer/Downloads/FreeRTOSv202406.01-LTS/FreeRTOS-LTS/FreeRTOS/FreeRTOS-Kernel/portable/ThirdParty/GCC/RP2040/port.c.obj
                0x10006e14                vClearInterruptMaskFromISR
 *fill*         0x10006e1a        0x2 
 .text.xPortSysTickHandler
                0x10006e1c       0x24 CMakeFiles/tarefa3.dir/C_/Users/ermer/Downloads/FreeRTOSv202406.01-LTS/FreeRTOS-LTS/FreeRTOS/FreeRTOS-Kernel/portable/ThirdParty/GCC/RP2040/port.c.obj
                0x10006e1c                xPortSysTickHandler
 .text.vPortSetupTimerInterrupt
                0x10006e40       0x34 CMakeFiles/tarefa3.dir/C_/Users/ermer/Downloads/FreeRTOSv202406.01-LTS/FreeRTOS-LTS/FreeRTOS/FreeRTOS-Kernel/portable/ThirdParty/GCC/RP2040/port.c.obj
                0x10006e40                vPortSetupTimerInterrupt
 .text.xPortStartScheduler
                0x10006e74       0x9c CMakeFiles/tarefa3.dir/C_/Users/ermer/Downloads/FreeRTOSv202406.01-LTS/FreeRTOS-LTS/FreeRTOS/FreeRTOS-Kernel/portable/ThirdParty/GCC/RP2040/port.c.obj
                0x10006e74                xPortStartScheduler
 .text.ulPortLockGetCurrentOwnerId
                0x10006f10       0x2c CMakeFiles/tarefa3.dir/C_/Users/ermer/Downloads/FreeRTOSv202406.01-LTS/FreeRTOS-LTS/FreeRTOS/FreeRTOS-Kernel/portable/ThirdParty/GCC/RP2040/port.c.obj
                0x10006f10                ulPortLockGetCurrentOwnerId
 .text.vPortLockInternalSpinUnlockWithWait
                0x10006f3c       0x6c CMakeFiles/tarefa3.dir/C_/Users/ermer/Downloads/FreeRTOSv202406.01-LTS/FreeRTOS-LTS/FreeRTOS/FreeRTOS-Kernel/portable/ThirdParty/GCC/RP2040/port.c.obj
                0x10006f3c                vPortLockInternalSpinUnlockWithWait
 .text.vPortLockInternalSpinUnlockWithNotify
                0x10006fa8       0xd0 CMakeFiles/tarefa3.dir/C_/Users/ermer/Downloads/FreeRTOSv202406.01-LTS/FreeRTOS-LTS/FreeRTOS/FreeRTOS-Kernel/portable/ThirdParty/GCC/RP2040/port.c.obj
                0x10006fa8                vPortLockInternalSpinUnlockWithNotify
 .text.xPortLockInternalSpinUnlockWithBestEffortWaitOrTimeout
                0x10007078       0xb8 CMakeFiles/tarefa3.dir/C_/Users/ermer/Downloads/FreeRTOSv202406.01-LTS/FreeRTOS-LTS/FreeRTOS/FreeRTOS-Kernel/portable/ThirdParty/GCC/RP2040/port.c.obj
                0x10007078                xPortLockInternalSpinUnlockWithBestEffortWaitOrTimeout
 .text.prvRuntimeInitializer
                0x10007130       0x28 CMakeFiles/tarefa3.dir/C_/Users/ermer/Downloads/FreeRTOSv202406.01-LTS/FreeRTOS-LTS/FreeRTOS/FreeRTOS-Kernel/portable/ThirdParty/GCC/RP2040/port.c.obj
 .text.prvTestWaitCondition
                0x10007158       0x1e CMakeFiles/tarefa3.dir/C_/Users/ermer/Downloads/FreeRTOSv202406.01-LTS/FreeRTOS-LTS/FreeRTOS/FreeRTOS-Kernel/event_groups.c.obj
 .text.xEventGroupCreate
                0x10007176       0x18 CMakeFiles/tarefa3.dir/C_/Users/ermer/Downloads/FreeRTOSv202406.01-LTS/FreeRTOS-LTS/FreeRTOS/FreeRTOS-Kernel/event_groups.c.obj
                0x10007176                xEventGroupCreate
 .text.xEventGroupWaitBits
                0x1000718e       0xb4 CMakeFiles/tarefa3.dir/C_/Users/ermer/Downloads/FreeRTOSv202406.01-LTS/FreeRTOS-LTS/FreeRTOS/FreeRTOS-Kernel/event_groups.c.obj
                0x1000718e                xEventGroupWaitBits
 .text.xEventGroupSetBits
                0x10007242       0x5e CMakeFiles/tarefa3.dir/C_/Users/ermer/Downloads/FreeRTOSv202406.01-LTS/FreeRTOS-LTS/FreeRTOS/FreeRTOS-Kernel/event_groups.c.obj
                0x10007242                xEventGroupSetBits
 .text.vEventGroupSetBitsCallback
                0x100072a0        0x8 CMakeFiles/tarefa3.dir/C_/Users/ermer/Downloads/FreeRTOSv202406.01-LTS/FreeRTOS-LTS/FreeRTOS/FreeRTOS-Kernel/event_groups.c.obj
                0x100072a0                vEventGroupSetBitsCallback
 .text.xEventGroupSetBitsFromISR
                0x100072a8       0x18 CMakeFiles/tarefa3.dir/C_/Users/ermer/Downloads/FreeRTOSv202406.01-LTS/FreeRTOS-LTS/FreeRTOS/FreeRTOS-Kernel/event_groups.c.obj
                0x100072a8                xEventGroupSetBitsFromISR
 .text.vListInitialise
                0x100072c0       0x16 CMakeFiles/tarefa3.dir/C_/Users/ermer/Downloads/FreeRTOSv202406.01-LTS/FreeRTOS-LTS/FreeRTOS/FreeRTOS-Kernel/list.c.obj
                0x100072c0                vListInitialise
 .text.vListInitialiseItem
                0x100072d6        0x6 CMakeFiles/tarefa3.dir/C_/Users/ermer/Downloads/FreeRTOSv202406.01-LTS/FreeRTOS-LTS/FreeRTOS/FreeRTOS-Kernel/list.c.obj
                0x100072d6                vListInitialiseItem
 .text.vListInsert
                0x100072dc       0x2e CMakeFiles/tarefa3.dir/C_/Users/ermer/Downloads/FreeRTOSv202406.01-LTS/FreeRTOS-LTS/FreeRTOS/FreeRTOS-Kernel/list.c.obj
                0x100072dc                vListInsert
 .text.uxListRemove
                0x1000730a       0x24 CMakeFiles/tarefa3.dir/C_/Users/ermer/Downloads/FreeRTOSv202406.01-LTS/FreeRTOS-LTS/FreeRTOS/FreeRTOS-Kernel/list.c.obj
                0x1000730a                uxListRemove
 .text.prvGetDisinheritPriorityAfterTimeout
                0x1000732e       0x12 CMakeFiles/tarefa3.dir/C_/Users/ermer/Downloads/FreeRTOSv202406.01-LTS/FreeRTOS-LTS/FreeRTOS/FreeRTOS-Kernel/queue.c.obj
 .text.prvIsQueueFull
                0x10007340       0x1e CMakeFiles/tarefa3.dir/C_/Users/ermer/Downloads/FreeRTOSv202406.01-LTS/FreeRTOS-LTS/FreeRTOS/FreeRTOS-Kernel/queue.c.obj
 .text.prvIsQueueEmpty
                0x1000735e       0x1c CMakeFiles/tarefa3.dir/C_/Users/ermer/Downloads/FreeRTOSv202406.01-LTS/FreeRTOS-LTS/FreeRTOS/FreeRTOS-Kernel/queue.c.obj
 .text.prvCopyDataToQueue
                0x1000737a       0x7e CMakeFiles/tarefa3.dir/C_/Users/ermer/Downloads/FreeRTOSv202406.01-LTS/FreeRTOS-LTS/FreeRTOS/FreeRTOS-Kernel/queue.c.obj
 .text.prvCopyDataFromQueue
                0x100073f8       0x24 CMakeFiles/tarefa3.dir/C_/Users/ermer/Downloads/FreeRTOSv202406.01-LTS/FreeRTOS-LTS/FreeRTOS/FreeRTOS-Kernel/queue.c.obj
 .text.prvNotifyQueueSetContainer
                0x1000741c       0x56 CMakeFiles/tarefa3.dir/C_/Users/ermer/Downloads/FreeRTOSv202406.01-LTS/FreeRTOS-LTS/FreeRTOS/FreeRTOS-Kernel/queue.c.obj
 .text.prvUnlockQueue
                0x10007472       0x88 CMakeFiles/tarefa3.dir/C_/Users/ermer/Downloads/FreeRTOSv202406.01-LTS/FreeRTOS-LTS/FreeRTOS/FreeRTOS-Kernel/queue.c.obj
 .text.xQueueGenericReset
                0x100074fa       0xb2 CMakeFiles/tarefa3.dir/C_/Users/ermer/Downloads/FreeRTOSv202406.01-LTS/FreeRTOS-LTS/FreeRTOS/FreeRTOS-Kernel/queue.c.obj
                0x100074fa                xQueueGenericReset
 .text.prvInitialiseNewQueue
                0x100075ac       0x26 CMakeFiles/tarefa3.dir/C_/Users/ermer/Downloads/FreeRTOSv202406.01-LTS/FreeRTOS-LTS/FreeRTOS/FreeRTOS-Kernel/queue.c.obj
 .text.xQueueGenericCreate
                0x100075d2       0x78 CMakeFiles/tarefa3.dir/C_/Users/ermer/Downloads/FreeRTOSv202406.01-LTS/FreeRTOS-LTS/FreeRTOS/FreeRTOS-Kernel/queue.c.obj
                0x100075d2                xQueueGenericCreate
 .text.xQueueGenericSend
                0x1000764a      0x10e CMakeFiles/tarefa3.dir/C_/Users/ermer/Downloads/FreeRTOSv202406.01-LTS/FreeRTOS-LTS/FreeRTOS/FreeRTOS-Kernel/queue.c.obj
                0x1000764a                xQueueGenericSend
 .text.prvInitialiseMutex
                0x10007758       0x18 CMakeFiles/tarefa3.dir/C_/Users/ermer/Downloads/FreeRTOSv202406.01-LTS/FreeRTOS-LTS/FreeRTOS/FreeRTOS-Kernel/queue.c.obj
 .text.xQueueCreateMutex
                0x10007770       0x16 CMakeFiles/tarefa3.dir/C_/Users/ermer/Downloads/FreeRTOSv202406.01-LTS/FreeRTOS-LTS/FreeRTOS/FreeRTOS-Kernel/queue.c.obj
                0x10007770                xQueueCreateMutex
 .text.xQueueGenericSendFromISR
                0x10007786       0xc4 CMakeFiles/tarefa3.dir/C_/Users/ermer/Downloads/FreeRTOSv202406.01-LTS/FreeRTOS-LTS/FreeRTOS/FreeRTOS-Kernel/queue.c.obj
                0x10007786                xQueueGenericSendFromISR
 .text.xQueueReceive
                0x1000784a       0xee CMakeFiles/tarefa3.dir/C_/Users/ermer/Downloads/FreeRTOSv202406.01-LTS/FreeRTOS-LTS/FreeRTOS/FreeRTOS-Kernel/queue.c.obj
                0x1000784a                xQueueReceive
 .text.xQueueSemaphoreTake
                0x10007938      0x128 CMakeFiles/tarefa3.dir/C_/Users/ermer/Downloads/FreeRTOSv202406.01-LTS/FreeRTOS-LTS/FreeRTOS/FreeRTOS-Kernel/queue.c.obj
                0x10007938                xQueueSemaphoreTake
 .text.vQueueAddToRegistry
                0x10007a60       0x48 CMakeFiles/tarefa3.dir/C_/Users/ermer/Downloads/FreeRTOSv202406.01-LTS/FreeRTOS-LTS/FreeRTOS/FreeRTOS-Kernel/queue.c.obj
                0x10007a60                vQueueAddToRegistry
 .text.vQueueWaitForMessageRestricted
                0x10007aa8       0x50 CMakeFiles/tarefa3.dir/C_/Users/ermer/Downloads/FreeRTOSv202406.01-LTS/FreeRTOS-LTS/FreeRTOS/FreeRTOS-Kernel/queue.c.obj
                0x10007aa8                vQueueWaitForMessageRestricted
 .text.prvResetNextTaskUnblockTime
                0x10007af8       0x2c CMakeFiles/tarefa3.dir/C_/Users/ermer/Downloads/FreeRTOSv202406.01-LTS/FreeRTOS-LTS/FreeRTOS/FreeRTOS-Kernel/tasks.c.obj
 .text.prvDeleteTCB
                0x10007b24       0x12 CMakeFiles/tarefa3.dir/C_/Users/ermer/Downloads/FreeRTOSv202406.01-LTS/FreeRTOS-LTS/FreeRTOS/FreeRTOS-Kernel/tasks.c.obj
 *fill*         0x10007b36        0x2 
 .text.prvInitialiseNewTask
                0x10007b38       0x98 CMakeFiles/tarefa3.dir/C_/Users/ermer/Downloads/FreeRTOSv202406.01-LTS/FreeRTOS-LTS/FreeRTOS/FreeRTOS-Kernel/tasks.c.obj
 .text.prvCreateTask
                0x10007bd0       0x56 CMakeFiles/tarefa3.dir/C_/Users/ermer/Downloads/FreeRTOSv202406.01-LTS/FreeRTOS-LTS/FreeRTOS/FreeRTOS-Kernel/tasks.c.obj
 *fill*         0x10007c26        0x2 
 .text.prvInitialiseTaskLists
                0x10007c28       0x68 CMakeFiles/tarefa3.dir/C_/Users/ermer/Downloads/FreeRTOSv202406.01-LTS/FreeRTOS-LTS/FreeRTOS/FreeRTOS-Kernel/tasks.c.obj
 .text.prvAddNewTaskToReadyList
                0x10007c90       0xc4 CMakeFiles/tarefa3.dir/C_/Users/ermer/Downloads/FreeRTOSv202406.01-LTS/FreeRTOS-LTS/FreeRTOS/FreeRTOS-Kernel/tasks.c.obj
 .text.prvCheckTasksWaitingTermination
                0x10007d54       0x44 CMakeFiles/tarefa3.dir/C_/Users/ermer/Downloads/FreeRTOSv202406.01-LTS/FreeRTOS-LTS/FreeRTOS/FreeRTOS-Kernel/tasks.c.obj
 .text.prvIdleTask
                0x10007d98       0x18 CMakeFiles/tarefa3.dir/C_/Users/ermer/Downloads/FreeRTOSv202406.01-LTS/FreeRTOS-LTS/FreeRTOS/FreeRTOS-Kernel/tasks.c.obj
 .text.prvAddCurrentTaskToDelayedList
                0x10007db0       0xa8 CMakeFiles/tarefa3.dir/C_/Users/ermer/Downloads/FreeRTOSv202406.01-LTS/FreeRTOS-LTS/FreeRTOS/FreeRTOS-Kernel/tasks.c.obj
 .text.xTaskCreate
                0x10007e58       0x24 CMakeFiles/tarefa3.dir/C_/Users/ermer/Downloads/FreeRTOSv202406.01-LTS/FreeRTOS-LTS/FreeRTOS/FreeRTOS-Kernel/tasks.c.obj
                0x10007e58                xTaskCreate
 .text.prvCreateIdleTasks
                0x10007e7c       0x54 CMakeFiles/tarefa3.dir/C_/Users/ermer/Downloads/FreeRTOSv202406.01-LTS/FreeRTOS-LTS/FreeRTOS/FreeRTOS-Kernel/tasks.c.obj
 .text.vTaskStartScheduler
                0x10007ed0       0x44 CMakeFiles/tarefa3.dir/C_/Users/ermer/Downloads/FreeRTOSv202406.01-LTS/FreeRTOS-LTS/FreeRTOS/FreeRTOS-Kernel/tasks.c.obj
                0x10007ed0                vTaskStartScheduler
 .text.vTaskSuspendAll
                0x10007f14       0x10 CMakeFiles/tarefa3.dir/C_/Users/ermer/Downloads/FreeRTOSv202406.01-LTS/FreeRTOS-LTS/FreeRTOS/FreeRTOS-Kernel/tasks.c.obj
                0x10007f14                vTaskSuspendAll
 .text.xTaskGetTickCount
                0x10007f24        0xc CMakeFiles/tarefa3.dir/C_/Users/ermer/Downloads/FreeRTOSv202406.01-LTS/FreeRTOS-LTS/FreeRTOS/FreeRTOS-Kernel/tasks.c.obj
                0x10007f24                xTaskGetTickCount
 .text.uxTaskGetNumberOfTasks
                0x10007f30        0xc CMakeFiles/tarefa3.dir/C_/Users/ermer/Downloads/FreeRTOSv202406.01-LTS/FreeRTOS-LTS/FreeRTOS/FreeRTOS-Kernel/tasks.c.obj
                0x10007f30                uxTaskGetNumberOfTasks
 .text.xTaskIncrementTick
                0x10007f3c      0x158 CMakeFiles/tarefa3.dir/C_/Users/ermer/Downloads/FreeRTOSv202406.01-LTS/FreeRTOS-LTS/FreeRTOS/FreeRTOS-Kernel/tasks.c.obj
                0x10007f3c                xTaskIncrementTick
 .text.xTaskResumeAll
                0x10008094      0x138 CMakeFiles/tarefa3.dir/C_/Users/ermer/Downloads/FreeRTOSv202406.01-LTS/FreeRTOS-LTS/FreeRTOS/FreeRTOS-Kernel/tasks.c.obj
                0x10008094                xTaskResumeAll
 .text.vTaskDelay
                0x100081cc       0x20 CMakeFiles/tarefa3.dir/C_/Users/ermer/Downloads/FreeRTOSv202406.01-LTS/FreeRTOS-LTS/FreeRTOS/FreeRTOS-Kernel/tasks.c.obj
                0x100081cc                vTaskDelay
 .text.vTaskSwitchContext
                0x100081ec       0x88 CMakeFiles/tarefa3.dir/C_/Users/ermer/Downloads/FreeRTOSv202406.01-LTS/FreeRTOS-LTS/FreeRTOS/FreeRTOS-Kernel/tasks.c.obj
                0x100081ec                vTaskSwitchContext
 .text.vTaskPlaceOnEventList
                0x10008274       0x1c CMakeFiles/tarefa3.dir/C_/Users/ermer/Downloads/FreeRTOSv202406.01-LTS/FreeRTOS-LTS/FreeRTOS/FreeRTOS-Kernel/tasks.c.obj
                0x10008274                vTaskPlaceOnEventList
 .text.vTaskPlaceOnUnorderedEventList
                0x10008290       0x40 CMakeFiles/tarefa3.dir/C_/Users/ermer/Downloads/FreeRTOSv202406.01-LTS/FreeRTOS-LTS/FreeRTOS/FreeRTOS-Kernel/tasks.c.obj
                0x10008290                vTaskPlaceOnUnorderedEventList
 .text.vTaskPlaceOnEventListRestricted
                0x100082d0       0x40 CMakeFiles/tarefa3.dir/C_/Users/ermer/Downloads/FreeRTOSv202406.01-LTS/FreeRTOS-LTS/FreeRTOS/FreeRTOS-Kernel/tasks.c.obj
                0x100082d0                vTaskPlaceOnEventListRestricted
 .text.xTaskRemoveFromEventList
                0x10008310       0xe0 CMakeFiles/tarefa3.dir/C_/Users/ermer/Downloads/FreeRTOSv202406.01-LTS/FreeRTOS-LTS/FreeRTOS/FreeRTOS-Kernel/tasks.c.obj
                0x10008310                xTaskRemoveFromEventList
 .text.vTaskRemoveFromUnorderedEventList
                0x100083f0       0xb4 CMakeFiles/tarefa3.dir/C_/Users/ermer/Downloads/FreeRTOSv202406.01-LTS/FreeRTOS-LTS/FreeRTOS/FreeRTOS-Kernel/tasks.c.obj
                0x100083f0                vTaskRemoveFromUnorderedEventList
 .text.vTaskInternalSetTimeOutState
                0x100084a4       0x18 CMakeFiles/tarefa3.dir/C_/Users/ermer/Downloads/FreeRTOSv202406.01-LTS/FreeRTOS-LTS/FreeRTOS/FreeRTOS-Kernel/tasks.c.obj
                0x100084a4                vTaskInternalSetTimeOutState
 .text.xTaskCheckForTimeOut
                0x100084bc       0x7c CMakeFiles/tarefa3.dir/C_/Users/ermer/Downloads/FreeRTOSv202406.01-LTS/FreeRTOS-LTS/FreeRTOS/FreeRTOS-Kernel/tasks.c.obj
                0x100084bc                xTaskCheckForTimeOut
 .text.vTaskMissedYield
                0x10008538        0xc CMakeFiles/tarefa3.dir/C_/Users/ermer/Downloads/FreeRTOSv202406.01-LTS/FreeRTOS-LTS/FreeRTOS/FreeRTOS-Kernel/tasks.c.obj
                0x10008538                vTaskMissedYield
 .text.xTaskGetCurrentTaskHandle
                0x10008544        0xc CMakeFiles/tarefa3.dir/C_/Users/ermer/Downloads/FreeRTOSv202406.01-LTS/FreeRTOS-LTS/FreeRTOS/FreeRTOS-Kernel/tasks.c.obj
                0x10008544                xTaskGetCurrentTaskHandle
 .text.xTaskPriorityInherit
                0x10008550       0xb4 CMakeFiles/tarefa3.dir/C_/Users/ermer/Downloads/FreeRTOSv202406.01-LTS/FreeRTOS-LTS/FreeRTOS/FreeRTOS-Kernel/tasks.c.obj
                0x10008550                xTaskPriorityInherit
 .text.xTaskPriorityDisinherit
                0x10008604       0x80 CMakeFiles/tarefa3.dir/C_/Users/ermer/Downloads/FreeRTOSv202406.01-LTS/FreeRTOS-LTS/FreeRTOS/FreeRTOS-Kernel/tasks.c.obj
                0x10008604                xTaskPriorityDisinherit
 .text.vTaskPriorityDisinheritAfterTimeout
                0x10008684       0x8c CMakeFiles/tarefa3.dir/C_/Users/ermer/Downloads/FreeRTOSv202406.01-LTS/FreeRTOS-LTS/FreeRTOS/FreeRTOS-Kernel/tasks.c.obj
                0x10008684                vTaskPriorityDisinheritAfterTimeout
 .text.uxTaskResetEventItemValue
                0x10008710       0x18 CMakeFiles/tarefa3.dir/C_/Users/ermer/Downloads/FreeRTOSv202406.01-LTS/FreeRTOS-LTS/FreeRTOS/FreeRTOS-Kernel/tasks.c.obj
                0x10008710                uxTaskResetEventItemValue
 .text.pvTaskIncrementMutexHeldCount
                0x10008728       0x14 CMakeFiles/tarefa3.dir/C_/Users/ermer/Downloads/FreeRTOSv202406.01-LTS/FreeRTOS-LTS/FreeRTOS/FreeRTOS-Kernel/tasks.c.obj
                0x10008728                pvTaskIncrementMutexHeldCount
 .text.prvGetNextExpireTime
                0x1000873c       0x24 CMakeFiles/tarefa3.dir/C_/Users/ermer/Downloads/FreeRTOSv202406.01-LTS/FreeRTOS-LTS/FreeRTOS/FreeRTOS-Kernel/timers.c.obj
 .text.prvInsertTimerInActiveList
                0x10008760       0x48 CMakeFiles/tarefa3.dir/C_/Users/ermer/Downloads/FreeRTOSv202406.01-LTS/FreeRTOS-LTS/FreeRTOS/FreeRTOS-Kernel/timers.c.obj
 .text.prvReloadTimer
                0x100087a8       0x28 CMakeFiles/tarefa3.dir/C_/Users/ermer/Downloads/FreeRTOSv202406.01-LTS/FreeRTOS-LTS/FreeRTOS/FreeRTOS-Kernel/timers.c.obj
 .text.prvProcessExpiredTimer
                0x100087d0       0x3c CMakeFiles/tarefa3.dir/C_/Users/ermer/Downloads/FreeRTOSv202406.01-LTS/FreeRTOS-LTS/FreeRTOS/FreeRTOS-Kernel/timers.c.obj
 .text.prvSwitchTimerLists